Archive member included to satisfy reference by file (symbol)

c:/programfiles/stm32cubeide_1.0.1/stm32cubeide/plugins/com.st.stm32cube.ide.mcu.externaltools.gnu-tools-for-stm32.7-2018-q2-update.win32_1.0.0.201904181610/tools/bin/../lib/gcc/arm-none-eabi/7.3.1/../../../../arm-none-eabi/lib/thumb/v7-m\libc_nano.a(lib_a-errno.o)
                              Src/syscalls.o (__errno)
c:/programfiles/stm32cubeide_1.0.1/stm32cubeide/plugins/com.st.stm32cube.ide.mcu.externaltools.gnu-tools-for-stm32.7-2018-q2-update.win32_1.0.0.201904181610/tools/bin/../lib/gcc/arm-none-eabi/7.3.1/../../../../arm-none-eabi/lib/thumb/v7-m\libc_nano.a(lib_a-exit.o)
                              c:/programfiles/stm32cubeide_1.0.1/stm32cubeide/plugins/com.st.stm32cube.ide.mcu.externaltools.gnu-tools-for-stm32.7-2018-q2-update.win32_1.0.0.201904181610/tools/bin/../lib/gcc/arm-none-eabi/7.3.1/../../../../arm-none-eabi/lib/thumb/v7-m/crt0.o (exit)
c:/programfiles/stm32cubeide_1.0.1/stm32cubeide/plugins/com.st.stm32cube.ide.mcu.externaltools.gnu-tools-for-stm32.7-2018-q2-update.win32_1.0.0.201904181610/tools/bin/../lib/gcc/arm-none-eabi/7.3.1/../../../../arm-none-eabi/lib/thumb/v7-m\libc_nano.a(lib_a-impure.o)
                              c:/programfiles/stm32cubeide_1.0.1/stm32cubeide/plugins/com.st.stm32cube.ide.mcu.externaltools.gnu-tools-for-stm32.7-2018-q2-update.win32_1.0.0.201904181610/tools/bin/../lib/gcc/arm-none-eabi/7.3.1/../../../../arm-none-eabi/lib/thumb/v7-m\libc_nano.a(lib_a-exit.o) (_global_impure_ptr)
c:/programfiles/stm32cubeide_1.0.1/stm32cubeide/plugins/com.st.stm32cube.ide.mcu.externaltools.gnu-tools-for-stm32.7-2018-q2-update.win32_1.0.0.201904181610/tools/bin/../lib/gcc/arm-none-eabi/7.3.1/../../../../arm-none-eabi/lib/thumb/v7-m\libc_nano.a(lib_a-init.o)
                              c:/programfiles/stm32cubeide_1.0.1/stm32cubeide/plugins/com.st.stm32cube.ide.mcu.externaltools.gnu-tools-for-stm32.7-2018-q2-update.win32_1.0.0.201904181610/tools/bin/../lib/gcc/arm-none-eabi/7.3.1/../../../../arm-none-eabi/lib/thumb/v7-m/crt0.o (__libc_init_array)
c:/programfiles/stm32cubeide_1.0.1/stm32cubeide/plugins/com.st.stm32cube.ide.mcu.externaltools.gnu-tools-for-stm32.7-2018-q2-update.win32_1.0.0.201904181610/tools/bin/../lib/gcc/arm-none-eabi/7.3.1/../../../../arm-none-eabi/lib/thumb/v7-m\libc_nano.a(lib_a-memset.o)
                              c:/programfiles/stm32cubeide_1.0.1/stm32cubeide/plugins/com.st.stm32cube.ide.mcu.externaltools.gnu-tools-for-stm32.7-2018-q2-update.win32_1.0.0.201904181610/tools/bin/../lib/gcc/arm-none-eabi/7.3.1/../../../../arm-none-eabi/lib/thumb/v7-m/crt0.o (memset)
c:/programfiles/stm32cubeide_1.0.1/stm32cubeide/plugins/com.st.stm32cube.ide.mcu.externaltools.gnu-tools-for-stm32.7-2018-q2-update.win32_1.0.0.201904181610/tools/bin/../lib/gcc/arm-none-eabi/7.3.1/../../../../arm-none-eabi/lib/thumb/v7-m\libm.a(lib_a-w_atan2.o)
                              Src/main.o (atan2)
c:/programfiles/stm32cubeide_1.0.1/stm32cubeide/plugins/com.st.stm32cube.ide.mcu.externaltools.gnu-tools-for-stm32.7-2018-q2-update.win32_1.0.0.201904181610/tools/bin/../lib/gcc/arm-none-eabi/7.3.1/../../../../arm-none-eabi/lib/thumb/v7-m\libm.a(lib_a-e_atan2.o)
                              c:/programfiles/stm32cubeide_1.0.1/stm32cubeide/plugins/com.st.stm32cube.ide.mcu.externaltools.gnu-tools-for-stm32.7-2018-q2-update.win32_1.0.0.201904181610/tools/bin/../lib/gcc/arm-none-eabi/7.3.1/../../../../arm-none-eabi/lib/thumb/v7-m\libm.a(lib_a-w_atan2.o) (__ieee754_atan2)
c:/programfiles/stm32cubeide_1.0.1/stm32cubeide/plugins/com.st.stm32cube.ide.mcu.externaltools.gnu-tools-for-stm32.7-2018-q2-update.win32_1.0.0.201904181610/tools/bin/../lib/gcc/arm-none-eabi/7.3.1/../../../../arm-none-eabi/lib/thumb/v7-m\libm.a(lib_a-s_atan.o)
                              c:/programfiles/stm32cubeide_1.0.1/stm32cubeide/plugins/com.st.stm32cube.ide.mcu.externaltools.gnu-tools-for-stm32.7-2018-q2-update.win32_1.0.0.201904181610/tools/bin/../lib/gcc/arm-none-eabi/7.3.1/../../../../arm-none-eabi/lib/thumb/v7-m\libm.a(lib_a-e_atan2.o) (atan)
c:/programfiles/stm32cubeide_1.0.1/stm32cubeide/plugins/com.st.stm32cube.ide.mcu.externaltools.gnu-tools-for-stm32.7-2018-q2-update.win32_1.0.0.201904181610/tools/bin/../lib/gcc/arm-none-eabi/7.3.1/../../../../arm-none-eabi/lib/thumb/v7-m\libm.a(lib_a-s_fabs.o)
                              c:/programfiles/stm32cubeide_1.0.1/stm32cubeide/plugins/com.st.stm32cube.ide.mcu.externaltools.gnu-tools-for-stm32.7-2018-q2-update.win32_1.0.0.201904181610/tools/bin/../lib/gcc/arm-none-eabi/7.3.1/../../../../arm-none-eabi/lib/thumb/v7-m\libm.a(lib_a-e_atan2.o) (fabs)
c:/programfiles/stm32cubeide_1.0.1/stm32cubeide/plugins/com.st.stm32cube.ide.mcu.externaltools.gnu-tools-for-stm32.7-2018-q2-update.win32_1.0.0.201904181610/tools/bin/../lib/gcc/arm-none-eabi/7.3.1/thumb/v7-m\libgcc.a(_arm_addsubdf3.o)
[...]
Memory Configuration

Name             Origin             Length             Attributes
FLASH            0x0000000008000000 0x0000000000010000 xr
RAM              0x0000000020000000 0x0000000000005000 xrw
*default*        0x0000000000000000 0xffffffffffffffff

Linker script and memory map

LOAD c:/programfiles/stm32cubeide_1.0.1/stm32cubeide/plugins/com.st.stm32cube.ide.mcu.externaltools.gnu-tools-for-stm32.7-2018-q2-update.win32_1.0.0.201904181610/tools/bin/../lib/gcc/arm-none-eabi/7.3.1/thumb/v7-m/crti.o
LOAD c:/programfiles/stm32cubeide_1.0.1/stm32cubeide/plugins/com.st.stm32cube.ide.mcu.externaltools.gnu-tools-for-stm32.7-2018-q2-update.win32_1.0.0.201904181610/tools/bin/../lib/gcc/arm-none-eabi/7.3.1/thumb/v7-m/crtbegin.o
LOAD c:/programfiles/stm32cubeide_1.0.1/stm32cubeide/plugins/com.st.stm32cube.ide.mcu.externaltools.gnu-tools-for-stm32.7-2018-q2-update.win32_1.0.0.201904181610/tools/bin/../lib/gcc/arm-none-eabi/7.3.1/../../../../arm-none-eabi/lib/thumb/v7-m/crt0.o
LOAD Drivers/STM32F1xx_HAL_Driver/Src/stm32f1xx_hal.o
LOAD Drivers/STM32F1xx_HAL_Driver/Src/stm32f1xx_hal_cortex.o
LOAD Drivers/STM32F1xx_HAL_Driver/Src/stm32f1xx_hal_dma.o
LOAD Drivers/STM32F1xx_HAL_Driver/Src/stm32f1xx_hal_flash.o
LOAD Drivers/STM32F1xx_HAL_Driver/Src/stm32f1xx_hal_flash_ex.o
LOAD Drivers/STM32F1xx_HAL_Driver/Src/stm32f1xx_hal_gpio.o
LOAD Drivers/STM32F1xx_HAL_Driver/Src/stm32f1xx_hal_gpio_ex.o
LOAD Drivers/STM32F1xx_HAL_Driver/Src/stm32f1xx_hal_i2c.o
LOAD Drivers/STM32F1xx_HAL_Driver/Src/stm32f1xx_hal_pwr.o
LOAD Drivers/STM32F1xx_HAL_Driver/Src/stm32f1xx_hal_rcc.o
LOAD Drivers/STM32F1xx_HAL_Driver/Src/stm32f1xx_hal_rcc_ex.o
LOAD Drivers/STM32F1xx_HAL_Driver/Src/stm32f1xx_hal_tim.o
LOAD Drivers/STM32F1xx_HAL_Driver/Src/stm32f1xx_hal_tim_ex.o
LOAD Drivers/STM32F1xx_HAL_Driver/Src/stm32f1xx_hal_uart.o
LOAD Src/main.o
LOAD Src/stm32f1xx_hal_msp.o
LOAD Src/stm32f1xx_it.o
LOAD Src/syscalls.o
LOAD Src/sysmem.o
LOAD Src/system_stm32f1xx.o
LOAD Startup/startup_stm32f103c8tx.o
START GROUP
LOAD c:/programfiles/stm32cubeide_1.0.1/stm32cubeide/plugins/com.st.stm32cube.ide.mcu.externaltools.gnu-tools-for-stm32.7-2018-q2-update.win32_1.0.0.201904181610/tools/bin/../lib/gcc/arm-none-eabi/7.3.1/../../../../arm-none-eabi/lib/thumb/v7-m\libc_nano.a
LOAD c:/programfiles/stm32cubeide_1.0.1/stm32cubeide/plugins/com.st.stm32cube.ide.mcu.externaltools.gnu-tools-for-stm32.7-2018-q2-update.win32_1.0.0.201904181610/tools/bin/../lib/gcc/arm-none-eabi/7.3.1/../../../../arm-none-eabi/lib/thumb/v7-m\libm.a
END GROUP
START GROUP
LOAD c:/programfiles/stm32cubeide_1.0.1/stm32cubeide/plugins/com.st.stm32cube.ide.mcu.externaltools.gnu-tools-for-stm32.7-2018-q2-update.win32_1.0.0.201904181610/tools/bin/../lib/gcc/arm-none-eabi/7.3.1/thumb/v7-m\libgcc.a
LOAD c:/programfiles/stm32cubeide_1.0.1/stm32cubeide/plugins/com.st.stm32cube.ide.mcu.externaltools.gnu-tools-for-stm32.7-2018-q2-update.win32_1.0.0.201904181610/tools/bin/../lib/gcc/arm-none-eabi/7.3.1/../../../../arm-none-eabi/lib/thumb/v7-m\libc_nano.a
END GROUP
START GROUP
LOAD c:/programfiles/stm32cubeide_1.0.1/stm32cubeide/plugins/com.st.stm32cube.ide.mcu.externaltools.gnu-tools-for-stm32.7-2018-q2-update.win32_1.0.0.201904181610/tools/bin/../lib/gcc/arm-none-eabi/7.3.1/thumb/v7-m\libgcc.a
LOAD c:/programfiles/stm32cubeide_1.0.1/stm32cubeide/plugins/com.st.stm32cube.ide.mcu.externaltools.gnu-tools-for-stm32.7-2018-q2-update.win32_1.0.0.201904181610/tools/bin/../lib/gcc/arm-none-eabi/7.3.1/../../../../arm-none-eabi/lib/thumb/v7-m\libc_nano.a
LOAD c:/programfiles/stm32cubeide_1.0.1/stm32cubeide/plugins/com.st.stm32cube.ide.mcu.externaltools.gnu-tools-for-stm32.7-2018-q2-update.win32_1.0.0.201904181610/tools/bin/../lib/gcc/arm-none-eabi/7.3.1/../../../../arm-none-eabi/lib/thumb/v7-m\libnosys.a
END GROUP
START GROUP
LOAD c:/programfiles/stm32cubeide_1.0.1/stm32cubeide/plugins/com.st.stm32cube.ide.mcu.externaltools.gnu-tools-for-stm32.7-2018-q2-update.win32_1.0.0.201904181610/tools/bin/../lib/gcc/arm-none-eabi/7.3.1/thumb/v7-m\libgcc.a
LOAD c:/programfiles/stm32cubeide_1.0.1/stm32cubeide/plugins/com.st.stm32cube.ide.mcu.externaltools.gnu-tools-for-stm32.7-2018-q2-update.win32_1.0.0.201904181610/tools/bin/../lib/gcc/arm-none-eabi/7.3.1/../../../../arm-none-eabi/lib/thumb/v7-m\libc_nano.a
LOAD c:/programfiles/stm32cubeide_1.0.1/stm32cubeide/plugins/com.st.stm32cube.ide.mcu.externaltools.gnu-tools-for-stm32.7-2018-q2-update.win32_1.0.0.201904181610/tools/bin/../lib/gcc/arm-none-eabi/7.3.1/../../../../arm-none-eabi/lib/thumb/v7-m\libnosys.a
END GROUP
LOAD c:/programfiles/stm32cubeide_1.0.1/stm32cubeide/plugins/com.st.stm32cube.ide.mcu.externaltools.gnu-tools-for-stm32.7-2018-q2-update.win32_1.0.0.201904181610/tools/bin/../lib/gcc/arm-none-eabi/7.3.1/thumb/v7-m/crtend.o
LOAD c:/programfiles/stm32cubeide_1.0.1/stm32cubeide/plugins/com.st.stm32cube.ide.mcu.externaltools.gnu-tools-for-stm32.7-2018-q2-update.win32_1.0.0.201904181610/tools/bin/../lib/gcc/arm-none-eabi/7.3.1/thumb/v7-m/crtn.o
                0x0000000020005000                _estack = 0x20005000
                0x0000000000000200                _Min_Heap_Size = 0x200
                0x0000000000000400                _Min_Stack_Size = 0x400

.isr_vector     0x0000000008000000      0x10c
                0x0000000008000000                . = ALIGN (0x4)
 *(.isr_vector)
 .isr_vector    0x0000000008000000      0x10c Startup/startup_stm32f103c8tx.o
                0x0000000008000000                g_pfnVectors
                0x000000000800010c                . = ALIGN (0x4)

.text           0x0000000008000110     0x7144
                0x0000000008000110                . = ALIGN (0x4)
 *(.text)
 .text          0x0000000008000110       0x40 c:/programfiles/stm32cubeide_1.0.1/stm32cubeide/plugins/com.st.stm32cube.ide.mcu.externaltools.gnu-tools-for-stm32.7-2018-q2-update.win32_1.0.0.201904181610/tools/bin/../lib/gcc/arm-none-eabi/7.3.1/thumb/v7-m/crtbegin.o
 .text          0x0000000008000150      0x378 c:/programfiles/stm32cubeide_1.0.1/stm32cubeide/plugins/com.st.stm32cube.ide.mcu.externaltools.gnu-tools-for-stm32.7-2018-q2-update.win32_1.0.0.201904181610/tools/bin/../lib/gcc/arm-none-eabi/7.3.1/thumb/v7-m\libgcc.a(_arm_addsubdf3.o)
                0x0000000008000150                __aeabi_drsub
                0x0000000008000158                __aeabi_dsub
                0x0000000008000158                __subdf3
                0x000000000800015c                __aeabi_dadd
                0x000000000800015c                __adddf3
                0x00000000080003d4                __floatunsidf
                0x00000000080003d4                __aeabi_ui2d
                0x00000000080003f4                __floatsidf
                0x00000000080003f4                __aeabi_i2d
                0x0000000008000418                __aeabi_f2d
                0x0000000008000418                __extendsfdf2
                0x000000000800045c                __floatundidf
                0x000000000800045c                __aeabi_ul2d
                0x000000000800046c                __floatdidf
                0x000000000800046c                __aeabi_l2d
 .text          0x00000000080004c8      0x424 c:/programfiles/stm32cubeide_1.0.1/stm32cubeide/plugins/com.st.stm32cube.ide.mcu.externaltools.gnu-tools-for-stm32.7-2018-q2-update.win32_1.0.0.201904181610/tools/bin/../lib/gcc/arm-none-eabi/7.3.1/thumb/v7-m\libgcc.a(_arm_muldivdf3.o)
                0x00000000080004c8                __aeabi_dmul
                0x00000000080004c8                __muldf3
                0x000000000800071c                __divdf3
                0x000000000800071c                __aeabi_ddiv
 .text          0x00000000080008ec      0x110 c:/programfiles/stm32cubeide_1.0.1/stm32cubeide/plugins/com.st.stm32cube.ide.mcu.externaltools.gnu-tools-for-stm32.7-2018-q2-update.win32_1.0.0.201904181610/tools/bin/../lib/gcc/arm-none-eabi/7.3.1/thumb/v7-m\libgcc.a(_arm_cmpdf2.o)
                0x00000000080008ec                __gtdf2
                0x00000000080008ec                __gedf2
                0x00000000080008f4                __ltdf2
                0x00000000080008f4                __ledf2
                0x00000000080008fc                __nedf2
                0x00000000080008fc                __eqdf2
                0x00000000080008fc                __cmpdf2
                0x0000000008000978                __aeabi_cdrcmple
                0x0000000008000988                __aeabi_cdcmpeq
                0x0000000008000988                __aeabi_cdcmple
                0x0000000008000998                __aeabi_dcmpeq
                0x00000000080009ac                __aeabi_dcmplt
                0x00000000080009c0                __aeabi_dcmple
                0x00000000080009d4                __aeabi_dcmpge
                0x00000000080009e8                __aeabi_dcmpgt
 .text          0x00000000080009fc       0x50 c:/programfiles/stm32cubeide_1.0.1/stm32cubeide/plugins/com.st.stm32cube.ide.mcu.externaltools.gnu-tools-for-stm32.7-2018-q2-update.win32_1.0.0.201904181610/tools/bin/../lib/gcc/arm-none-eabi/7.3.1/thumb/v7-m\libgcc.a(_arm_fixdfsi.o)
                0x00000000080009fc                __aeabi_d2iz
                0x00000000080009fc                __fixdfsi
 .text          0x0000000008000a4c       0xa0 c:/programfiles/stm32cubeide_1.0.1/stm32cubeide/plugins/com.st.stm32cube.ide.mcu.externaltools.gnu-tools-for-stm32.7-2018-q2-update.win32_1.0.0.201904181610/tools/bin/../lib/gcc/arm-none-eabi/7.3.1/thumb/v7-m\libgcc.a(_arm_truncdfsf2.o)
                0x0000000008000a4c                __truncdfsf2
                0x0000000008000a4c                __aeabi_d2f
 .text          0x0000000008000aec      0x21c c:/programfiles/stm32cubeide_1.0.1/stm32cubeide/plugins/com.st.stm32cube.ide.mcu.externaltools.gnu-tools-for-stm32.7-2018-q2-update.win32_1.0.0.201904181610/tools/bin/../lib/gcc/arm-none-eabi/7.3.1/thumb/v7-m\libgcc.a(_arm_addsubsf3.o)
                0x0000000008000aec                __aeabi_frsub
                0x0000000008000af4                __subsf3
                0x0000000008000af4                __aeabi_fsub
                0x0000000008000af8                __aeabi_fadd
                0x0000000008000af8                __addsf3
                0x0000000008000c58                __aeabi_ui2f
                0x0000000008000c58                __floatunsisf
                0x0000000008000c60                __aeabi_i2f
                0x0000000008000c60                __floatsisf
                0x0000000008000c7c                __aeabi_ul2f
                0x0000000008000c7c                __floatundisf
                0x0000000008000c8c                __aeabi_l2f
                0x0000000008000c8c                __floatdisf
 .text          0x0000000008000d08      0x2a0 c:/programfiles/stm32cubeide_1.0.1/stm32cubeide/plugins/com.st.stm32cube.ide.mcu.externaltools.gnu-tools-for-stm32.7-2018-q2-update.win32_1.0.0.201904181610/tools/bin/../lib/gcc/arm-none-eabi/7.3.1/thumb/v7-m\libgcc.a(_arm_muldivsf3.o)
                0x0000000008000d08                __mulsf3
                0x0000000008000d08                __aeabi_fmul
                0x0000000008000e70                __aeabi_fdiv
                0x0000000008000e70                __divsf3
 .text          0x0000000008000fa8       0xec c:/programfiles/stm32cubeide_1.0.1/stm32cubeide/plugins/com.st.stm32cube.ide.mcu.externaltools.gnu-tools-for-stm32.7-2018-q2-update.win32_1.0.0.201904181610/tools/bin/../lib/gcc/arm-none-eabi/7.3.1/thumb/v7-m\libgcc.a(_arm_cmpsf2.o)
                0x0000000008000fa8                __gesf2
                0x0000000008000fa8                __gtsf2
                0x0000000008000fb0                __lesf2
                0x0000000008000fb0                __ltsf2
                0x0000000008000fb8                __nesf2
                0x0000000008000fb8                __eqsf2
                0x0000000008000fb8                __cmpsf2
                0x0000000008001018                __aeabi_cfrcmple
                0x0000000008001020                __aeabi_cfcmpeq
                0x0000000008001020                __aeabi_cfcmple
                0x0000000008001030                __aeabi_fcmpeq
                0x0000000008001044                __aeabi_fcmplt
                0x0000000008001058                __aeabi_fcmple
                0x000000000800106c                __aeabi_fcmpge
                0x0000000008001080                __aeabi_fcmpgt
 .text          0x0000000008001094       0x40 c:/programfiles/stm32cubeide_1.0.1/stm32cubeide/plugins/com.st.stm32cube.ide.mcu.externaltools.gnu-tools-for-stm32.7-2018-q2-update.win32_1.0.0.201904181610/tools/bin/../lib/gcc/arm-none-eabi/7.3.1/thumb/v7-m\libgcc.a(_arm_fixunssfsi.o)
                0x0000000008001094                __fixunssfsi
                0x0000000008001094                __aeabi_f2uiz
 *(.text*)
 .text.HAL_Init
                0x00000000080010d4       0x2c Drivers/STM32F1xx_HAL_Driver/Src/stm32f1xx_hal.o
                0x00000000080010d4                HAL_Init
 .text.HAL_InitTick
                0x0000000008001100       0x60 Drivers/STM32F1xx_HAL_Driver/Src/stm32f1xx_hal.o
                0x0000000008001100                HAL_InitTick
 .text.HAL_IncTick
                0x0000000008001160       0x24 Drivers/STM32F1xx_HAL_Driver/Src/stm32f1xx_hal.o
                0x0000000008001160                HAL_IncTick
 .text.HAL_GetTick
                0x0000000008001184       0x14 Drivers/STM32F1xx_HAL_Driver/Src/stm32f1xx_hal.o
                0x0000000008001184                HAL_GetTick
 .text.NVIC_SetPriorityGrouping
                0x0000000008001198       0x48 Drivers/STM32F1xx_HAL_Driver/Src/stm32f1xx_hal_cortex.o
 .text.NVIC_GetPriorityGrouping
                0x00000000080011e0       0x1c Drivers/STM32F1xx_HAL_Driver/Src/stm32f1xx_hal_cortex.o
 .text.NVIC_EnableIRQ
                0x00000000080011fc       0x30 Drivers/STM32F1xx_HAL_Driver/Src/stm32f1xx_hal_cortex.o
 .text.NVIC_SetPriority
                0x000000000800122c       0x54 Drivers/STM32F1xx_HAL_Driver/Src/stm32f1xx_hal_cortex.o
 .text.NVIC_EncodePriority
                0x0000000008001280       0x64 Drivers/STM32F1xx_HAL_Driver/Src/stm32f1xx_hal_cortex.o
 .text.SysTick_Config
                0x00000000080012e4       0x44 Drivers/STM32F1xx_HAL_Driver/Src/stm32f1xx_hal_cortex.o
 .text.HAL_NVIC_SetPriorityGrouping
                0x0000000008001328       0x16 Drivers/STM32F1xx_HAL_Driver/Src/stm32f1xx_hal_cortex.o
                0x0000000008001328                HAL_NVIC_SetPriorityGrouping
 .text.HAL_NVIC_SetPriority
                0x000000000800133e       0x38 Drivers/STM32F1xx_HAL_Driver/Src/stm32f1xx_hal_cortex.o
                0x000000000800133e                HAL_NVIC_SetPriority
 .text.HAL_NVIC_EnableIRQ
                0x0000000008001376       0x1c Drivers/STM32F1xx_HAL_Driver/Src/stm32f1xx_hal_cortex.o
                0x0000000008001376                HAL_NVIC_EnableIRQ
 .text.HAL_SYSTICK_Config
                0x0000000008001392       0x18 Drivers/STM32F1xx_HAL_Driver/Src/stm32f1xx_hal_cortex.o
                0x0000000008001392                HAL_SYSTICK_Config
 *fill*         0x00000000080013aa        0x2 
 .text.HAL_DMA_Abort_IT
                0x00000000080013ac       0xec Drivers/STM32F1xx_HAL_Driver/Src/stm32f1xx_hal_dma.o
                0x00000000080013ac                HAL_DMA_Abort_IT
 .text.HAL_GPIO_Init
                0x0000000008001498      0x2bc Drivers/STM32F1xx_HAL_Driver/Src/stm32f1xx_hal_gpio.o
                0x0000000008001498                HAL_GPIO_Init
 .text.HAL_GPIO_WritePin
                0x0000000008001754       0x30 Drivers/STM32F1xx_HAL_Driver/Src/stm32f1xx_hal_gpio.o
                0x0000000008001754                HAL_GPIO_WritePin
 .text.HAL_I2C_Init
                0x0000000008001784      0x208 Drivers/STM32F1xx_HAL_Driver/Src/stm32f1xx_hal_i2c.o
                0x0000000008001784                HAL_I2C_Init
 .text.HAL_I2C_Master_Transmit
                0x000000000800198c      0x21c Drivers/STM32F1xx_HAL_Driver/Src/stm32f1xx_hal_i2c.o
                0x000000000800198c                HAL_I2C_Master_Transmit
 .text.HAL_I2C_Master_Receive
                0x0000000008001ba8      0x474 Drivers/STM32F1xx_HAL_Driver/Src/stm32f1xx_hal_i2c.o
                0x0000000008001ba8                HAL_I2C_Master_Receive
 .text.HAL_I2C_IsDeviceReady
                0x000000000800201c      0x260 Drivers/STM32F1xx_HAL_Driver/Src/stm32f1xx_hal_i2c.o
                0x000000000800201c                HAL_I2C_IsDeviceReady
 .text.I2C_MasterRequestWrite
                0x000000000800227c      0x104 Drivers/STM32F1xx_HAL_Driver/Src/stm32f1xx_hal_i2c.o
 .text.I2C_MasterRequestRead
                0x0000000008002380      0x190 Drivers/STM32F1xx_HAL_Driver/Src/stm32f1xx_hal_i2c.o
 .text.I2C_WaitOnFlagUntilTimeout
                0x0000000008002510       0xa2 Drivers/STM32F1xx_HAL_Driver/Src/stm32f1xx_hal_i2c.o
 .text.I2C_WaitOnMasterAddressFlagUntilTimeout
                0x00000000080025b2       0xdc Drivers/STM32F1xx_HAL_Driver/Src/stm32f1xx_hal_i2c.o
 .text.I2C_WaitOnTXEFlagUntilTimeout
                0x000000000800268e       0x7a Drivers/STM32F1xx_HAL_Driver/Src/stm32f1xx_hal_i2c.o
 .text.I2C_WaitOnBTFFlagUntilTimeout
                0x0000000008002708       0x7a Drivers/STM32F1xx_HAL_Driver/Src/stm32f1xx_hal_i2c.o
 .text.I2C_WaitOnRXNEFlagUntilTimeout
                0x0000000008002782       0x94 Drivers/STM32F1xx_HAL_Driver/Src/stm32f1xx_hal_i2c.o
 .text.I2C_IsAcknowledgeFailed
                0x0000000008002816       0x4e Drivers/STM32F1xx_HAL_Driver/Src/stm32f1xx_hal_i2c.o
 .text.HAL_RCC_OscConfig
                0x0000000008002864      0x4c8 Drivers/STM32F1xx_HAL_Driver/Src/stm32f1xx_hal_rcc.o
                0x0000000008002864                HAL_RCC_OscConfig
 .text.HAL_RCC_ClockConfig
                0x0000000008002d2c      0x218 Drivers/STM32F1xx_HAL_Driver/Src/stm32f1xx_hal_rcc.o
                0x0000000008002d2c                HAL_RCC_ClockConfig
 .text.HAL_RCC_GetSysClockFreq
                0x0000000008002f44       0xc4 Drivers/STM32F1xx_HAL_Driver/Src/stm32f1xx_hal_rcc.o
                0x0000000008002f44                HAL_RCC_GetSysClockFreq
 .text.HAL_RCC_GetHCLKFreq
                0x0000000008003008       0x14 Drivers/STM32F1xx_HAL_Driver/Src/stm32f1xx_hal_rcc.o
                0x0000000008003008                HAL_RCC_GetHCLKFreq
 .text.HAL_RCC_GetPCLK1Freq
                0x000000000800301c       0x28 Drivers/STM32F1xx_HAL_Driver/Src/stm32f1xx_hal_rcc.o
                0x000000000800301c                HAL_RCC_GetPCLK1Freq
 .text.HAL_RCC_GetPCLK2Freq
                0x0000000008003044       0x28 Drivers/STM32F1xx_HAL_Driver/Src/stm32f1xx_hal_rcc.o
                0x0000000008003044                HAL_RCC_GetPCLK2Freq
 .text.RCC_Delay
                0x000000000800306c       0x3c Drivers/STM32F1xx_HAL_Driver/Src/stm32f1xx_hal_rcc.o
 .text.HAL_TIM_Base_Init
                0x00000000080030a8       0x56 Drivers/STM32F1xx_HAL_Driver/Src/stm32f1xx_hal_tim.o
                0x00000000080030a8                HAL_TIM_Base_Init
 .text.HAL_TIM_Base_Start_IT
                0x00000000080030fe       0x34 Drivers/STM32F1xx_HAL_Driver/Src/stm32f1xx_hal_tim.o
                0x00000000080030fe                HAL_TIM_Base_Start_IT
 .text.HAL_TIM_Base_Stop_IT
                0x0000000008003132       0x54 Drivers/STM32F1xx_HAL_Driver/Src/stm32f1xx_hal_tim.o
                0x0000000008003132                HAL_TIM_Base_Stop_IT
 .text.HAL_TIM_PWM_Init
                0x0000000008003186       0x56 Drivers/STM32F1xx_HAL_Driver/Src/stm32f1xx_hal_tim.o
                0x0000000008003186                HAL_TIM_PWM_Init
 .text.HAL_TIM_PWM_MspInit
                0x00000000080031dc       0x12 Drivers/STM32F1xx_HAL_Driver/Src/stm32f1xx_hal_tim.o
                0x00000000080031dc                HAL_TIM_PWM_MspInit
 *fill*         0x00000000080031ee        0x2 
 .text.HAL_TIM_PWM_Start
                0x00000000080031f0       0x50 Drivers/STM32F1xx_HAL_Driver/Src/stm32f1xx_hal_tim.o
                0x00000000080031f0                HAL_TIM_PWM_Start
 .text.HAL_TIM_PWM_Stop
                0x0000000008003240       0x98 Drivers/STM32F1xx_HAL_Driver/Src/stm32f1xx_hal_tim.o
                0x0000000008003240                HAL_TIM_PWM_Stop
 .text.HAL_TIM_Encoder_Init
                0x00000000080032d8      0x12c Drivers/STM32F1xx_HAL_Driver/Src/stm32f1xx_hal_tim.o
                0x00000000080032d8                HAL_TIM_Encoder_Init
 .text.HAL_TIM_Encoder_Start
                0x0000000008003404       0x6e Drivers/STM32F1xx_HAL_Driver/Src/stm32f1xx_hal_tim.o
                0x0000000008003404                HAL_TIM_Encoder_Start
 .text.HAL_TIM_Encoder_Stop
                0x0000000008003472       0x8e Drivers/STM32F1xx_HAL_Driver/Src/stm32f1xx_hal_tim.o
                0x0000000008003472                HAL_TIM_Encoder_Stop
 .text.HAL_TIM_IRQHandler
                0x0000000008003500      0x210 Drivers/STM32F1xx_HAL_Driver/Src/stm32f1xx_hal_tim.o
                0x0000000008003500                HAL_TIM_IRQHandler
 .text.HAL_TIM_PWM_ConfigChannel
                0x0000000008003710      0x18c Drivers/STM32F1xx_HAL_Driver/Src/stm32f1xx_hal_tim.o
                0x0000000008003710                HAL_TIM_PWM_ConfigChannel
 .text.HAL_TIM_ConfigClockSource
                0x000000000800389c      0x1b6 Drivers/STM32F1xx_HAL_Driver/Src/stm32f1xx_hal_tim.o
                0x000000000800389c                HAL_TIM_ConfigClockSource
 .text.HAL_TIM_OC_DelayElapsedCallback
                0x0000000008003a52       0x12 Drivers/STM32F1xx_HAL_Driver/Src/stm32f1xx_hal_tim.o
                0x0000000008003a52                HAL_TIM_OC_DelayElapsedCallback
 .text.HAL_TIM_IC_CaptureCallback
                0x0000000008003a64       0x12 Drivers/STM32F1xx_HAL_Driver/Src/stm32f1xx_hal_tim.o
                0x0000000008003a64                HAL_TIM_IC_CaptureCallback
 .text.HAL_TIM_PWM_PulseFinishedCallback
                0x0000000008003a76       0x12 Drivers/STM32F1xx_HAL_Driver/Src/stm32f1xx_hal_tim.o
                0x0000000008003a76                HAL_TIM_PWM_PulseFinishedCallback
 .text.HAL_TIM_TriggerCallback
                0x0000000008003a88       0x12 Drivers/STM32F1xx_HAL_Driver/Src/stm32f1xx_hal_tim.o
                0x0000000008003a88                HAL_TIM_TriggerCallback
 *fill*         0x0000000008003a9a        0x2 
 .text.TIM_Base_SetConfig
                0x0000000008003a9c       0xcc Drivers/STM32F1xx_HAL_Driver/Src/stm32f1xx_hal_tim.o
                0x0000000008003a9c                TIM_Base_SetConfig
 .text.TIM_OC1_SetConfig
                0x0000000008003b68       0xd8 Drivers/STM32F1xx_HAL_Driver/Src/stm32f1xx_hal_tim.o
 .text.TIM_OC2_SetConfig
                0x0000000008003c40       0xe0 Drivers/STM32F1xx_HAL_Driver/Src/stm32f1xx_hal_tim.o
                0x0000000008003c40                TIM_OC2_SetConfig
 .text.TIM_OC3_SetConfig
                0x0000000008003d20       0xe0 Drivers/STM32F1xx_HAL_Driver/Src/stm32f1xx_hal_tim.o
 .text.TIM_OC4_SetConfig
                0x0000000008003e00       0xa8 Drivers/STM32F1xx_HAL_Driver/Src/stm32f1xx_hal_tim.o
 .text.TIM_TI1_ConfigInputStage
                0x0000000008003ea8       0x64 Drivers/STM32F1xx_HAL_Driver/Src/stm32f1xx_hal_tim.o
 .text.TIM_TI2_ConfigInputStage
                0x0000000008003f0c       0x66 Drivers/STM32F1xx_HAL_Driver/Src/stm32f1xx_hal_tim.o
 .text.TIM_ITRx_SetConfig
                0x0000000008003f72       0x3e Drivers/STM32F1xx_HAL_Driver/Src/stm32f1xx_hal_tim.o
 .text.TIM_ETR_SetConfig
                0x0000000008003fb0       0x42 Drivers/STM32F1xx_HAL_Driver/Src/stm32f1xx_hal_tim.o
 .text.TIM_CCxChannelCmd
                0x0000000008003ff2       0x44 Drivers/STM32F1xx_HAL_Driver/Src/stm32f1xx_hal_tim.o
                0x0000000008003ff2                TIM_CCxChannelCmd
 .text.HAL_TIMEx_ConfigBreakDeadTime
                0x0000000008004036       0xb0 Drivers/STM32F1xx_HAL_Driver/Src/stm32f1xx_hal_tim_ex.o
                0x0000000008004036                HAL_TIMEx_ConfigBreakDeadTime
 .text.HAL_TIMEx_MasterConfigSynchronization
                0x00000000080040e6       0x88 Drivers/STM32F1xx_HAL_Driver/Src/stm32f1xx_hal_tim_ex.o
                0x00000000080040e6                HAL_TIMEx_MasterConfigSynchronization
 .text.HAL_TIMEx_CommutationCallback
                0x000000000800416e       0x12 Drivers/STM32F1xx_HAL_Driver/Src/stm32f1xx_hal_tim_ex.o
                0x000000000800416e                HAL_TIMEx_CommutationCallback
 .text.HAL_TIMEx_BreakCallback
                0x0000000008004180       0x12 Drivers/STM32F1xx_HAL_Driver/Src/stm32f1xx_hal_tim_ex.o
                0x0000000008004180                HAL_TIMEx_BreakCallback
 .text.HAL_UART_Init
                0x0000000008004192       0x9a Drivers/STM32F1xx_HAL_Driver/Src/stm32f1xx_hal_uart.o
                0x0000000008004192                HAL_UART_Init
 .text.HAL_UART_Transmit
                0x000000000800422c      0x132 Drivers/STM32F1xx_HAL_Driver/Src/stm32f1xx_hal_uart.o
                0x000000000800422c                HAL_UART_Transmit
 .text.HAL_UART_Receive
                0x000000000800435e      0x14c Drivers/STM32F1xx_HAL_Driver/Src/stm32f1xx_hal_uart.o
                0x000000000800435e                HAL_UART_Receive
 .text.HAL_UART_Receive_IT
                0x00000000080044aa       0xa8 Drivers/STM32F1xx_HAL_Driver/Src/stm32f1xx_hal_uart.o
                0x00000000080044aa                HAL_UART_Receive_IT
 *fill*         0x0000000008004552        0x2 
 .text.HAL_UART_IRQHandler
                0x0000000008004554      0x1f8 Drivers/STM32F1xx_HAL_Driver/Src/stm32f1xx_hal_uart.o
                0x0000000008004554                HAL_UART_IRQHandler
 .text.HAL_UART_TxCpltCallback
                0x000000000800474c       0x12 Drivers/STM32F1xx_HAL_Driver/Src/stm32f1xx_hal_uart.o
                0x000000000800474c                HAL_UART_TxCpltCallback
 .text.HAL_UART_ErrorCallback
                0x000000000800475e       0x12 Drivers/STM32F1xx_HAL_Driver/Src/stm32f1xx_hal_uart.o
                0x000000000800475e                HAL_UART_ErrorCallback
 .text.UART_WaitOnFlagUntilTimeout
                0x0000000008004770       0x94 Drivers/STM32F1xx_HAL_Driver/Src/stm32f1xx_hal_uart.o
 .text.UART_EndRxTransfer
                0x0000000008004804       0x3a Drivers/STM32F1xx_HAL_Driver/Src/stm32f1xx_hal_uart.o
 .text.UART_DMAAbortOnError
                0x000000000800483e       0x28 Drivers/STM32F1xx_HAL_Driver/Src/stm32f1xx_hal_uart.o
 .text.UART_Transmit_IT
                0x0000000008004866       0xaa Drivers/STM32F1xx_HAL_Driver/Src/stm32f1xx_hal_uart.o
 .text.UART_EndTransmit_IT
                0x0000000008004910       0x30 Drivers/STM32F1xx_HAL_Driver/Src/stm32f1xx_hal_uart.o
 .text.UART_Receive_IT
                0x0000000008004940      0x102 Drivers/STM32F1xx_HAL_Driver/Src/stm32f1xx_hal_uart.o
 *fill*         0x0000000008004a42        0x2 
 .text.UART_SetConfig
                0x0000000008004a44      0x230 Drivers/STM32F1xx_HAL_Driver/Src/stm32f1xx_hal_uart.o
 *fill*         0x0000000008004c74        0x4 
 .text.HAL_TIM_PeriodElapsedCallback
                0x0000000008004c78      0x4b4 Src/main.o
                0x0000000008004c78                HAL_TIM_PeriodElapsedCallback
 .text.PID      0x000000000800512c      0x150 Src/main.o
                0x000000000800512c                PID
 .text.OutputPWM
                0x000000000800527c       0xc8 Src/main.o
                0x000000000800527c                OutputPWM
 *fill*         0x0000000008005344        0x4 
 .text.HAL_UART_RxCpltCallback
                0x0000000008005348      0x7b4 Src/main.o
                0x0000000008005348                HAL_UART_RxCpltCallback
 .text.SD_MPU6050_Init
                0x0000000008005afc       0xea Src/main.o
                0x0000000008005afc                SD_MPU6050_Init
 .text.SD_MPU6050_SetDataRate
                0x0000000008005be6       0x48 Src/main.o
                0x0000000008005be6                SD_MPU6050_SetDataRate
 *fill*         0x0000000008005c2e        0x2 
 .text.SD_MPU6050_SetAccelerometer
                0x0000000008005c30       0xe0 Src/main.o
                0x0000000008005c30                SD_MPU6050_SetAccelerometer
 .text.SD_MPU6050_SetGyroscope
                0x0000000008005d10       0xe8 Src/main.o
                0x0000000008005d10                SD_MPU6050_SetGyroscope
 .text.SD_MPU6050_ReadAccelerometer
                0x0000000008005df8       0x94 Src/main.o
                0x0000000008005df8                SD_MPU6050_ReadAccelerometer
 .text.SD_MPU6050_ReadGyroscope
                0x0000000008005e8c       0x94 Src/main.o
                0x0000000008005e8c                SD_MPU6050_ReadGyroscope
 .text.SD_MPU6050_ReadAll
                0x0000000008005f20      0x10c Src/main.o
                0x0000000008005f20                SD_MPU6050_ReadAll
 .text.main     0x000000000800602c      0x2cc Src/main.o
                0x000000000800602c                main
 .text.SystemClock_Config
                0x00000000080062f8       0x82 Src/main.o
                0x00000000080062f8                SystemClock_Config
 *fill*         0x000000000800637a        0x2 
 .text.MX_I2C2_Init
                0x000000000800637c       0x5c Src/main.o
 .text.MX_TIM1_Init
                0x00000000080063d8      0x15c Src/main.o
 .text.MX_TIM2_Init
                0x0000000008006534       0xa8 Src/main.o
 .text.MX_TIM3_Init
                0x00000000080065dc       0xa8 Src/main.o
 .text.MX_TIM4_Init
                0x0000000008006684       0x9c Src/main.o
 .text.MX_USART2_UART_Init
                0x0000000008006720       0x54 Src/main.o
 .text.MX_GPIO_Init
                0x0000000008006774       0xf0 Src/main.o
 .text.Error_Handler
                0x0000000008006864        0xc Src/main.o
                0x0000000008006864                Error_Handler
 .text.HAL_MspInit
                0x0000000008006870       0x64 Src/stm32f1xx_hal_msp.o
                0x0000000008006870                HAL_MspInit
 .text.HAL_I2C_MspInit
                0x00000000080068d4       0x80 Src/stm32f1xx_hal_msp.o
                0x00000000080068d4                HAL_I2C_MspInit
 .text.HAL_TIM_Base_MspInit
                0x0000000008006954       0x74 Src/stm32f1xx_hal_msp.o
                0x0000000008006954                HAL_TIM_Base_MspInit
 .text.HAL_TIM_Encoder_MspInit
                0x00000000080069c8      0x100 Src/stm32f1xx_hal_msp.o
                0x00000000080069c8                HAL_TIM_Encoder_MspInit
 .text.HAL_TIM_MspPostInit
                0x0000000008006ac8       0x68 Src/stm32f1xx_hal_msp.o
                0x0000000008006ac8                HAL_TIM_MspPostInit
 .text.HAL_UART_MspInit
                0x0000000008006b30       0xa4 Src/stm32f1xx_hal_msp.o
                0x0000000008006b30                HAL_UART_MspInit
 .text.NMI_Handler
                0x0000000008006bd4        0xc Src/stm32f1xx_it.o
                0x0000000008006bd4                NMI_Handler
 .text.HardFault_Handler
                0x0000000008006be0        0x6 Src/stm32f1xx_it.o
                0x0000000008006be0                HardFault_Handler
 .text.MemManage_Handler
                0x0000000008006be6        0x6 Src/stm32f1xx_it.o
                0x0000000008006be6                MemManage_Handler
 .text.BusFault_Handler
                0x0000000008006bec        0x6 Src/stm32f1xx_it.o
                0x0000000008006bec                BusFault_Handler
 .text.UsageFault_Handler
                0x0000000008006bf2        0x6 Src/stm32f1xx_it.o
                0x0000000008006bf2                UsageFault_Handler
 .text.SVC_Handler
                0x0000000008006bf8        0xc Src/stm32f1xx_it.o
                0x0000000008006bf8                SVC_Handler
 .text.DebugMon_Handler
                0x0000000008006c04        0xc Src/stm32f1xx_it.o
                0x0000000008006c04                DebugMon_Handler
 .text.PendSV_Handler
                0x0000000008006c10        0xc Src/stm32f1xx_it.o
                0x0000000008006c10                PendSV_Handler
 .text.SysTick_Handler
                0x0000000008006c1c        0xc Src/stm32f1xx_it.o
                0x0000000008006c1c                SysTick_Handler
 .text.TIM4_IRQHandler
                0x0000000008006c28       0x14 Src/stm32f1xx_it.o
                0x0000000008006c28                TIM4_IRQHandler
 .text.USART2_IRQHandler
                0x0000000008006c3c       0x14 Src/stm32f1xx_it.o
                0x0000000008006c3c                USART2_IRQHandler
 .text.SystemInit
                0x0000000008006c50       0x68 Src/system_stm32f1xx.o
                0x0000000008006c50                SystemInit
 .text.Reset_Handler
                0x0000000008006cb8       0x48 Startup/startup_stm32f103c8tx.o
                0x0000000008006cb8                Reset_Handler
 .text.Default_Handler
                0x0000000008006d00        0x2 Startup/startup_stm32f103c8tx.o
                0x0000000008006d00                RTC_Alarm_IRQHandler
                0x0000000008006d00                EXTI2_IRQHandler
                0x0000000008006d00                TIM1_CC_IRQHandler
                0x0000000008006d00                PVD_IRQHandler
                0x0000000008006d00                EXTI3_IRQHandler
                0x0000000008006d00                EXTI0_IRQHandler
                0x0000000008006d00                I2C2_EV_IRQHandler
                0x0000000008006d00                ADC1_2_IRQHandler
                0x0000000008006d00                SPI1_IRQHandler
                0x0000000008006d00                TAMPER_IRQHandler
                0x0000000008006d00                DMA1_Channel4_IRQHandler
                0x0000000008006d00                USART3_IRQHandler
                0x0000000008006d00                RTC_IRQHandler
                0x0000000008006d00                DMA1_Channel7_IRQHandler
                0x0000000008006d00                CAN1_RX1_IRQHandler
                0x0000000008006d00                I2C1_EV_IRQHandler
                0x0000000008006d00                DMA1_Channel6_IRQHandler
                0x0000000008006d00                TIM3_IRQHandler
                0x0000000008006d00                RCC_IRQHandler
                0x0000000008006d00                TIM1_TRG_COM_IRQHandler
                0x0000000008006d00                DMA1_Channel1_IRQHandler
                0x0000000008006d00                Default_Handler
                0x0000000008006d00                EXTI15_10_IRQHandler
                0x0000000008006d00                EXTI9_5_IRQHandler
                0x0000000008006d00                SPI2_IRQHandler
                0x0000000008006d00                DMA1_Channel5_IRQHandler
                0x0000000008006d00                EXTI4_IRQHandler
                0x0000000008006d00                USB_LP_CAN1_RX0_IRQHandler
                0x0000000008006d00                USB_HP_CAN1_TX_IRQHandler
                0x0000000008006d00                DMA1_Channel3_IRQHandler
                0x0000000008006d00                TIM1_UP_IRQHandler
                0x0000000008006d00                WWDG_IRQHandler
                0x0000000008006d00                TIM2_IRQHandler
                0x0000000008006d00                TIM1_BRK_IRQHandler
                0x0000000008006d00                EXTI1_IRQHandler
                0x0000000008006d00                I2C2_ER_IRQHandler
                0x0000000008006d00                DMA1_Channel2_IRQHandler
                0x0000000008006d00                CAN1_SCE_IRQHandler
                0x0000000008006d00                FLASH_IRQHandler
                0x0000000008006d00                USART1_IRQHandler
                0x0000000008006d00                I2C1_ER_IRQHandler
                0x0000000008006d00                USBWakeUp_IRQHandler
 *fill*         0x0000000008006d02        0x2 
 .text.__libc_init_array
                0x0000000008006d04       0x48 c:/programfiles/stm32cubeide_1.0.1/stm32cubeide/plugins/com.st.stm32cube.ide.mcu.externaltools.gnu-tools-for-stm32.7-2018-q2-update.win32_1.0.0.201904181610/tools/bin/../lib/gcc/arm-none-eabi/7.3.1/../../../../arm-none-eabi/lib/thumb/v7-m\libc_nano.a(lib_a-init.o)
                0x0000000008006d04                __libc_init_array
 .text.memset   0x0000000008006d4c       0x10 c:/programfiles/stm32cubeide_1.0.1/stm32cubeide/plugins/com.st.stm32cube.ide.mcu.externaltools.gnu-tools-for-stm32.7-2018-q2-update.win32_1.0.0.201904181610/tools/bin/../lib/gcc/arm-none-eabi/7.3.1/../../../../arm-none-eabi/lib/thumb/v7-m\libc_nano.a(lib_a-memset.o)
                0x0000000008006d4c                memset
 .text.atan2    0x0000000008006d5c        0x4 c:/programfiles/stm32cubeide_1.0.1/stm32cubeide/plugins/com.st.stm32cube.ide.mcu.externaltools.gnu-tools-for-stm32.7-2018-q2-update.win32_1.0.0.201904181610/tools/bin/../lib/gcc/arm-none-eabi/7.3.1/../../../../arm-none-eabi/lib/thumb/v7-m\libm.a(lib_a-w_atan2.o)
                0x0000000008006d5c                atan2
 .text.__ieee754_atan2
                0x0000000008006d60      0x1bc c:/programfiles/stm32cubeide_1.0.1/stm32cubeide/plugins/com.st.stm32cube.ide.mcu.externaltools.gnu-tools-for-stm32.7-2018-q2-update.win32_1.0.0.201904181610/tools/bin/../lib/gcc/arm-none-eabi/7.3.1/../../../../arm-none-eabi/lib/thumb/v7-m\libm.a(lib_a-e_atan2.o)
                0x0000000008006d60                __ieee754_atan2
 *fill*         0x0000000008006f1c        0x4 
 .text.atan     0x0000000008006f20      0x314 c:/programfiles/stm32cubeide_1.0.1/stm32cubeide/plugins/com.st.stm32cube.ide.mcu.externaltools.gnu-tools-for-stm32.7-2018-q2-update.win32_1.0.0.201904181610/tools/bin/../lib/gcc/arm-none-eabi/7.3.1/../../../../arm-none-eabi/lib/thumb/v7-m\libm.a(lib_a-s_atan.o)
                0x0000000008006f20                atan
 .text.fabs     0x0000000008007234        0x8 c:/programfiles/stm32cubeide_1.0.1/stm32cubeide/plugins/com.st.stm32cube.ide.mcu.externaltools.gnu-tools-for-stm32.7-2018-q2-update.win32_1.0.0.201904181610/tools/bin/../lib/gcc/arm-none-eabi/7.3.1/../../../../arm-none-eabi/lib/thumb/v7-m\libm.a(lib_a-s_fabs.o)
                0x0000000008007234                fabs
 *(.glue_7)
 .glue_7        0x000000000800723c        0x0 linker stubs
 *(.glue_7t)
 .glue_7t       0x000000000800723c        0x0 linker stubs
 *(.eh_frame)
 .eh_frame      0x000000000800723c        0x0 c:/programfiles/stm32cubeide_1.0.1/stm32cubeide/plugins/com.st.stm32cube.ide.mcu.externaltools.gnu-tools-for-stm32.7-2018-q2-update.win32_1.0.0.201904181610/tools/bin/../lib/gcc/arm-none-eabi/7.3.1/thumb/v7-m/crtbegin.o
 *(.init)
 .init          0x000000000800723c        0x4 c:/programfiles/stm32cubeide_1.0.1/stm32cubeide/plugins/com.st.stm32cube.ide.mcu.externaltools.gnu-tools-for-stm32.7-2018-q2-update.win32_1.0.0.201904181610/tools/bin/../lib/gcc/arm-none-eabi/7.3.1/thumb/v7-m/crti.o
                0x000000000800723c                _init
 .init          0x0000000008007240        0x8 c:/programfiles/stm32cubeide_1.0.1/stm32cubeide/plugins/com.st.stm32cube.ide.mcu.externaltools.gnu-tools-for-stm32.7-2018-q2-update.win32_1.0.0.201904181610/tools/bin/../lib/gcc/arm-none-eabi/7.3.1/thumb/v7-m/crtn.o
 *(.fini)
 .fini          0x0000000008007248        0x4 c:/programfiles/stm32cubeide_1.0.1/stm32cubeide/plugins/com.st.stm32cube.ide.mcu.externaltools.gnu-tools-for-stm32.7-2018-q2-update.win32_1.0.0.201904181610/tools/bin/../lib/gcc/arm-none-eabi/7.3.1/thumb/v7-m/crti.o
                0x0000000008007248                _fini
 .fini          0x000000000800724c        0x8 c:/programfiles/stm32cubeide_1.0.1/stm32cubeide/plugins/com.st.stm32cube.ide.mcu.externaltools.gnu-tools-for-stm32.7-2018-q2-update.win32_1.0.0.201904181610/tools/bin/../lib/gcc/arm-none-eabi/7.3.1/thumb/v7-m/crtn.o
                0x0000000008007254                . = ALIGN (0x4)
                0x0000000008007254                _etext = .

.vfp11_veneer   0x0000000008007254        0x0
 .vfp11_veneer  0x0000000008007254        0x0 linker stubs

.v4_bx          0x0000000008007254        0x0
 .v4_bx         0x0000000008007254        0x0 linker stubs

.iplt           0x0000000008007254        0x0
 .iplt          0x0000000008007254        0x0 c:/programfiles/stm32cubeide_1.0.1/stm32cubeide/plugins/com.st.stm32cube.ide.mcu.externaltools.gnu-tools-for-stm32.7-2018-q2-update.win32_1.0.0.201904181610/tools/bin/../lib/gcc/arm-none-eabi/7.3.1/thumb/v7-m/crtbegin.o

.rodata         0x0000000008007258       0xa0
                0x0000000008007258                . = ALIGN (0x4)
 *(.rodata)
 .rodata        0x0000000008007258       0x12 Drivers/STM32F1xx_HAL_Driver/Src/stm32f1xx_hal_rcc.o
 *fill*         0x000000000800726a        0x2 
 .rodata        0x000000000800726c       0x2d Src/main.o
 *(.rodata*)
 *fill*         0x0000000008007299        0x3 
 .rodata.AHBPrescTable
                0x000000000800729c       0x10 Src/system_stm32f1xx.o
                0x000000000800729c                AHBPrescTable
 .rodata.APBPrescTable
                0x00000000080072ac        0x8 Src/system_stm32f1xx.o
                0x00000000080072ac                APBPrescTable
 *fill*         0x00000000080072b4        0x4 
 .rodata.atanhi
                0x00000000080072b8       0x20 c:/programfiles/stm32cubeide_1.0.1/stm32cubeide/plugins/com.st.stm32cube.ide.mcu.externaltools.gnu-tools-for-stm32.7-2018-q2-update.win32_1.0.0.201904181610/tools/bin/../lib/gcc/arm-none-eabi/7.3.1/../../../../arm-none-eabi/lib/thumb/v7-m\libm.a(lib_a-s_atan.o)
 .rodata.atanlo
                0x00000000080072d8       0x20 c:/programfiles/stm32cubeide_1.0.1/stm32cubeide/plugins/com.st.stm32cube.ide.mcu.externaltools.gnu-tools-for-stm32.7-2018-q2-update.win32_1.0.0.201904181610/tools/bin/../lib/gcc/arm-none-eabi/7.3.1/../../../../arm-none-eabi/lib/thumb/v7-m\libm.a(lib_a-s_atan.o)
                0x00000000080072f8                . = ALIGN (0x4)

.rel.dyn        0x00000000080072f8        0x0
 .rel.iplt      0x00000000080072f8        0x0 c:/programfiles/stm32cubeide_1.0.1/stm32cubeide/plugins/com.st.stm32cube.ide.mcu.externaltools.gnu-tools-for-stm32.7-2018-q2-update.win32_1.0.0.201904181610/tools/bin/../lib/gcc/arm-none-eabi/7.3.1/thumb/v7-m/crtbegin.o

.ARM.extab      0x00000000080072f8        0x0
                0x00000000080072f8                . = ALIGN (0x4)
 *(.ARM.extab* .gnu.linkonce.armextab.*)
                0x00000000080072f8                . = ALIGN (0x4)

.ARM            0x00000000080072f8        0x0
                0x00000000080072f8                . = ALIGN (0x4)
                0x00000000080072f8                __exidx_start = .
 *(.ARM.exidx*)
                0x00000000080072f8                __exidx_end = .
                0x00000000080072f8                . = ALIGN (0x4)

.preinit_array  0x00000000080072f8        0x0
                0x00000000080072f8                . = ALIGN (0x4)
                0x00000000080072f8                PROVIDE (__preinit_array_start = .)
 *(.preinit_array*)
                0x00000000080072f8                PROVIDE (__preinit_array_end = .)
                0x00000000080072f8                . = ALIGN (0x4)

.init_array     0x00000000080072f8        0x4
                0x00000000080072f8                . = ALIGN (0x4)
                0x00000000080072f8                PROVIDE (__init_array_start = .)
 *(SORT_BY_NAME(.init_array.*))
 *(.init_array*)
 .init_array    0x00000000080072f8        0x4 c:/programfiles/stm32cubeide_1.0.1/stm32cubeide/plugins/com.st.stm32cube.ide.mcu.externaltools.gnu-tools-for-stm32.7-2018-q2-update.win32_1.0.0.201904181610/tools/bin/../lib/gcc/arm-none-eabi/7.3.1/thumb/v7-m/crtbegin.o
                0x00000000080072fc                PROVIDE (__init_array_end = .)
                0x00000000080072fc                . = ALIGN (0x4)

.fini_array     0x00000000080072fc        0x4
                0x00000000080072fc                . = ALIGN (0x4)
                [!provide]                        PROVIDE (__fini_array_start = .)
 *(SORT_BY_NAME(.fini_array.*))
 *(.fini_array*)
 .fini_array    0x00000000080072fc        0x4 c:/programfiles/stm32cubeide_1.0.1/stm32cubeide/plugins/com.st.stm32cube.ide.mcu.externaltools.gnu-tools-for-stm32.7-2018-q2-update.win32_1.0.0.201904181610/tools/bin/../lib/gcc/arm-none-eabi/7.3.1/thumb/v7-m/crtbegin.o
                [!provide]                        PROVIDE (__fini_array_end = .)
                0x0000000008007300                . = ALIGN (0x4)
                0x0000000008007300                _sidata = LOADADDR (.data)

.data           0x0000000020000000      0x180 load address 0x0000000008007300
                0x0000000020000000                . = ALIGN (0x4)
                0x0000000020000000                _sdata = .
 *(.data)
 *(.data*)
 .data.uwTickPrio
                0x0000000020000000        0x4 Drivers/STM32F1xx_HAL_Driver/Src/stm32f1xx_hal.o
                0x0000000020000000                uwTickPrio
 .data.uwTickFreq
                0x0000000020000004        0x1 Drivers/STM32F1xx_HAL_Driver/Src/stm32f1xx_hal.o
                0x0000000020000004                uwTickFreq
 *fill*         0x0000000020000005        0x3 
 .data.time     0x0000000020000008        0x4 Src/main.o
                0x0000000020000008                time
 .data.kpangle  0x000000002000000c        0x4 Src/main.o
                0x000000002000000c                kpangle
 .data.kiangle  0x0000000020000010        0x4 Src/main.o
                0x0000000020000010                kiangle
 .data.kdangle  0x0000000020000014        0x4 Src/main.o
                0x0000000020000014                kdangle
 .data.dt       0x0000000020000018        0x4 Src/main.o
                0x0000000020000018                dt
 .data.txbuff   0x000000002000001c      0x15e Src/main.o
                0x000000002000001c                txbuff
 *fill*         0x000000002000017a        0x2 
 .data.SystemCoreClock
                0x000000002000017c        0x4 Src/system_stm32f1xx.o
                0x000000002000017c                SystemCoreClock
                0x0000000020000180                . = ALIGN (0x4)
                0x0000000020000180                _edata = .

.igot.plt       0x0000000020000180        0x0 load address 0x0000000008007480
 .igot.plt      0x0000000020000180        0x0 c:/programfiles/stm32cubeide_1.0.1/stm32cubeide/plugins/com.st.stm32cube.ide.mcu.externaltools.gnu-tools-for-stm32.7-2018-q2-update.win32_1.0.0.201904181610/tools/bin/../lib/gcc/arm-none-eabi/7.3.1/thumb/v7-m/crtbegin.o
                0x0000000020000180                . = ALIGN (0x4)

.bss            0x0000000020000180      0x290 load address 0x0000000008007480
                0x0000000020000180                _sbss = .
                0x0000000020000180                __bss_start__ = _sbss
 *(.bss)
 .bss           0x0000000020000180       0x1c c:/programfiles/stm32cubeide_1.0.1/stm32cubeide/plugins/com.st.stm32cube.ide.mcu.externaltools.gnu-tools-for-stm32.7-2018-q2-update.win32_1.0.0.201904181610/tools/bin/../lib/gcc/arm-none-eabi/7.3.1/thumb/v7-m/crtbegin.o
 *(.bss*)
 .bss.count     0x000000002000019c        0x2 Src/main.o
                0x000000002000019c                count
 *fill*         0x000000002000019e        0x2 
 .bss.synchrocount
                0x00000000200001a0        0x4 Src/main.o
                0x00000000200001a0                synchrocount
 .bss.synchroduty
                0x00000000200001a4        0x4 Src/main.o
                0x00000000200001a4                synchroduty
 .bss.set       0x00000000200001a8        0x4 Src/main.o
                0x00000000200001a8                set
 .bss.accel     0x00000000200001ac        0x4 Src/main.o
                0x00000000200001ac                accel
 .bss.gyro      0x00000000200001b0        0x4 Src/main.o
                0x00000000200001b0                gyro
 .bss.x         0x00000000200001b4        0x2 Src/main.o
                0x00000000200001b4                x
 .bss.status    0x00000000200001b6        0x1 Src/main.o
                0x00000000200001b6                status
 *fill*         0x00000000200001b7        0x1 
 .bss.k         0x00000000200001b8        0x4 Src/main.o
                0x00000000200001b8                k
 .bss.duty      0x00000000200001bc        0x2 Src/main.o
                0x00000000200001bc                duty
 .bss.rxbuff    0x00000000200001be        0x1 Src/main.o
                0x00000000200001be                rxbuff
 *fill*         0x00000000200001bf        0x1 
 .bss.sum_gForcex
                0x00000000200001c0        0x4 Src/main.o
                0x00000000200001c0                sum_gForcex
 .bss.sum_gForcey
                0x00000000200001c4        0x4 Src/main.o
                0x00000000200001c4                sum_gForcey
 .bss.sum_gForcez
                0x00000000200001c8        0x4 Src/main.o
                0x00000000200001c8                sum_gForcez
 .bss.gForcex   0x00000000200001cc        0x4 Src/main.o
                0x00000000200001cc                gForcex
 .bss.gForcey   0x00000000200001d0        0x4 Src/main.o
                0x00000000200001d0                gForcey
 .bss.gForcez   0x00000000200001d4        0x4 Src/main.o
                0x00000000200001d4                gForcez
 .bss.bias_gForcex
                0x00000000200001d8        0x4 Src/main.o
                0x00000000200001d8                bias_gForcex
 .bss.bias_gForcey
                0x00000000200001dc        0x4 Src/main.o
                0x00000000200001dc                bias_gForcey
 .bss.bias_gForcez
                0x00000000200001e0        0x4 Src/main.o
                0x00000000200001e0                bias_gForcez
 .bss.sum_rotx  0x00000000200001e4        0x4 Src/main.o
                0x00000000200001e4                sum_rotx
 .bss.sum_roty  0x00000000200001e8        0x4 Src/main.o
                0x00000000200001e8                sum_roty
 .bss.sum_rotz  0x00000000200001ec        0x4 Src/main.o
                0x00000000200001ec                sum_rotz
 .bss.rotx      0x00000000200001f0        0x4 Src/main.o
                0x00000000200001f0                rotx
 .bss.roty      0x00000000200001f4        0x4 Src/main.o
                0x00000000200001f4                roty
 .bss.rotz      0x00000000200001f8        0x4 Src/main.o
                0x00000000200001f8                rotz
 .bss.bias_rotx
                0x00000000200001fc        0x4 Src/main.o
                0x00000000200001fc                bias_rotx
 .bss.bias_roty
                0x0000000020000200        0x4 Src/main.o
                0x0000000020000200                bias_roty
 .bss.bias_rotz
                0x0000000020000204        0x4 Src/main.o
                0x0000000020000204                bias_rotz
 .bss.roll      0x0000000020000208        0x4 Src/main.o
                0x0000000020000208                roll
 .bss.e1.7346   0x000000002000020c        0x4 Src/main.o
 .bss.e2.7347   0x0000000020000210        0x4 Src/main.o
 .bss.e0.7345   0x0000000020000214        0x4 Src/main.o
 .bss.u0.7348   0x0000000020000218        0x4 Src/main.o
 .bss.u1.7349   0x000000002000021c        0x4 Src/main.o
 *(COMMON)
 COMMON         0x0000000020000220        0x4 Drivers/STM32F1xx_HAL_Driver/Src/stm32f1xx_hal.o
                0x0000000020000220                uwTick
 COMMON         0x0000000020000224      0x1ec Src/main.o
                0x0000000020000224                htim4
                0x0000000020000264                hi2c2
                0x00000000200002b8                htim3
                0x00000000200002f8                rxbuffs
                0x0000000020000308                htim1
                0x0000000020000348                cache
                0x000000002000034b                result
                0x000000002000034c                htim2
                0x000000002000038c                huart2
                0x00000000200003cc                gx
                0x00000000200003f4                mpu1
                0x0000000020000410                . = ALIGN (0x4)
                0x0000000020000410                _ebss = .
                0x0000000020000410                __bss_end__ = _ebss

._user_heap_stack
                0x0000000020000410      0x600 load address 0x0000000008007480
                0x0000000020000410                . = ALIGN (0x8)
                0x0000000020000410                PROVIDE (end = .)
                [!provide]                        PROVIDE (_end = .)
                0x0000000020000610                . = (. + _Min_Heap_Size)
 *fill*         0x0000000020000410      0x200 
                0x0000000020000a10                . = (. + _Min_Stack_Size)
 *fill*         0x0000000020000610      0x400 
                0x0000000020000a10                . = ALIGN (0x8)

/DISCARD/
 libc.a(*)
 libm.a(*)
 libgcc.a(*)

.ARM.attributes
                0x0000000000000000       0x29
 *(.ARM.attributes)
 .ARM.attributes
                0x0000000000000000       0x1d c:/programfiles/stm32cubeide_1.0.1/stm32cubeide/plugins/com.st.stm32cube.ide.mcu.externaltools.gnu-tools-for-stm32.7-2018-q2-update.win32_1.0.0.201904181610/tools/bin/../lib/gcc/arm-none-eabi/7.3.1/thumb/v7-m/crti.o
 .ARM.attributes
                0x000000000000001d       0x2d c:/programfiles/stm32cubeide_1.0.1/stm32cubeide/plugins/com.st.stm32cube.ide.mcu.externaltools.gnu-tools-for-stm32.7-2018-q2-update.win32_1.0.0.201904181610/tools/bin/../lib/gcc/arm-none-eabi/7.3.1/thumb/v7-m/crtbegin.o
 .ARM.attributes
                0x000000000000004a       0x33 Drivers/STM32F1xx_HAL_Driver/Src/stm32f1xx_hal.o
 .ARM.attributes
                0x000000000000007d       0x33 Drivers/STM32F1xx_HAL_Driver/Src/stm32f1xx_hal_cortex.o
 .ARM.attributes
                0x00000000000000b0       0x33 Drivers/STM32F1xx_HAL_Driver/Src/stm32f1xx_hal_dma.o
 .ARM.attributes
                0x00000000000000e3       0x33 Drivers/STM32F1xx_HAL_Driver/Src/stm32f1xx_hal_gpio.o
 .ARM.attributes
                0x0000000000000116       0x33 Drivers/STM32F1xx_HAL_Driver/Src/stm32f1xx_hal_i2c.o
 .ARM.attributes
                0x0000000000000149       0x33 Drivers/STM32F1xx_HAL_Driver/Src/stm32f1xx_hal_rcc.o
 .ARM.attributes
                0x000000000000017c       0x33 Drivers/STM32F1xx_HAL_Driver/Src/stm32f1xx_hal_tim.o
 .ARM.attributes
                0x00000000000001af       0x33 Drivers/STM32F1xx_HAL_Driver/Src/stm32f1xx_hal_tim_ex.o
 .ARM.attributes
                0x00000000000001e2       0x33 Drivers/STM32F1xx_HAL_Driver/Src/stm32f1xx_hal_uart.o
 .ARM.attributes
                0x0000000000000215       0x33 Src/main.o
 .ARM.attributes
                0x0000000000000248       0x33 Src/stm32f1xx_hal_msp.o
 .ARM.attributes
                0x000000000000027b       0x33 Src/stm32f1xx_it.o
 .ARM.attributes
                0x00000000000002ae       0x33 Src/system_stm32f1xx.o
 .ARM.attributes
                0x00000000000002e1       0x21 Startup/startup_stm32f103c8tx.o
 .ARM.attributes
                0x0000000000000302       0x2d c:/programfiles/stm32cubeide_1.0.1/stm32cubeide/plugins/com.st.stm32cube.ide.mcu.externaltools.gnu-tools-for-stm32.7-2018-q2-update.win32_1.0.0.201904181610/tools/bin/../lib/gcc/arm-none-eabi/7.3.1/../../../../arm-none-eabi/lib/thumb/v7-m\libc_nano.a(lib_a-init.o)
 .ARM.attributes
                0x000000000000032f       0x2d c:/programfiles/stm32cubeide_1.0.1/stm32cubeide/plugins/com.st.stm32cube.ide.mcu.externaltools.gnu-tools-for-stm32.7-2018-q2-update.win32_1.0.0.201904181610/tools/bin/../lib/gcc/arm-none-eabi/7.3.1/../../../../arm-none-eabi/lib/thumb/v7-m\libc_nano.a(lib_a-memset.o)
 .ARM.attributes
                0x000000000000035c       0x2d c:/programfiles/stm32cubeide_1.0.1/stm32cubeide/plugins/com.st.stm32cube.ide.mcu.externaltools.gnu-tools-for-stm32.7-2018-q2-update.win32_1.0.0.201904181610/tools/bin/../lib/gcc/arm-none-eabi/7.3.1/../../../../arm-none-eabi/lib/thumb/v7-m\libm.a(lib_a-w_atan2.o)
 .ARM.attributes
                0x0000000000000389       0x2d c:/programfiles/stm32cubeide_1.0.1/stm32cubeide/plugins/com.st.stm32cube.ide.mcu.externaltools.gnu-tools-for-stm32.7-2018-q2-update.win32_1.0.0.201904181610/tools/bin/../lib/gcc/arm-none-eabi/7.3.1/../../../../arm-none-eabi/lib/thumb/v7-m\libm.a(lib_a-e_atan2.o)
 .ARM.attributes
                0x00000000000003b6       0x2d c:/programfiles/stm32cubeide_1.0.1/stm32cubeide/plugins/com.st.stm32cube.ide.mcu.externaltools.gnu-tools-for-stm32.7-2018-q2-update.win32_1.0.0.201904181610/tools/bin/../lib/gcc/arm-none-eabi/7.3.1/../../../../arm-none-eabi/lib/thumb/v7-m\libm.a(lib_a-s_atan.o)
 .ARM.attributes
                0x00000000000003e3       0x2d c:/programfiles/stm32cubeide_1.0.1/stm32cubeide/plugins/com.st.stm32cube.ide.mcu.externaltools.gnu-tools-for-stm32.7-2018-q2-update.win32_1.0.0.201904181610/tools/bin/../lib/gcc/arm-none-eabi/7.3.1/../../../../arm-none-eabi/lib/thumb/v7-m\libm.a(lib_a-s_fabs.o)
 .ARM.attributes
                0x0000000000000410       0x1d c:/programfiles/stm32cubeide_1.0.1/stm32cubeide/plugins/com.st.stm32cube.ide.mcu.externaltools.gnu-tools-for-stm32.7-2018-q2-update.win32_1.0.0.201904181610/tools/bin/../lib/gcc/arm-none-eabi/7.3.1/thumb/v7-m\libgcc.a(_arm_addsubdf3.o)
 .ARM.attributes
                0x000000000000042d       0x1d c:/programfiles/stm32cubeide_1.0.1/stm32cubeide/plugins/com.st.stm32cube.ide.mcu.externaltools.gnu-tools-for-stm32.7-2018-q2-update.win32_1.0.0.201904181610/tools/bin/../lib/gcc/arm-none-eabi/7.3.1/thumb/v7-m\libgcc.a(_arm_muldivdf3.o)
 .ARM.attributes
                0x000000000000044a       0x1d c:/programfiles/stm32cubeide_1.0.1/stm32cubeide/plugins/com.st.stm32cube.ide.mcu.externaltools.gnu-tools-for-stm32.7-2018-q2-update.win32_1.0.0.201904181610/tools/bin/../lib/gcc/arm-none-eabi/7.3.1/thumb/v7-m\libgcc.a(_arm_cmpdf2.o)
 .ARM.attributes
                0x0000000000000467       0x1d c:/programfiles/stm32cubeide_1.0.1/stm32cubeide/plugins/com.st.stm32cube.ide.mcu.externaltools.gnu-tools-for-stm32.7-2018-q2-update.win32_1.0.0.201904181610/tools/bin/../lib/gcc/arm-none-eabi/7.3.1/thumb/v7-m\libgcc.a(_arm_fixdfsi.o)
 .ARM.attributes
                0x0000000000000484       0x1d c:/programfiles/stm32cubeide_1.0.1/stm32cubeide/plugins/com.st.stm32cube.ide.mcu.externaltools.gnu-tools-for-stm32.7-2018-q2-update.win32_1.0.0.201904181610/tools/bin/../lib/gcc/arm-none-eabi/7.3.1/thumb/v7-m\libgcc.a(_arm_truncdfsf2.o)
 .ARM.attributes
                0x00000000000004a1       0x1d c:/programfiles/stm32cubeide_1.0.1/stm32cubeide/plugins/com.st.stm32cube.ide.mcu.externaltools.gnu-tools-for-stm32.7-2018-q2-update.win32_1.0.0.201904181610/tools/bin/../lib/gcc/arm-none-eabi/7.3.1/thumb/v7-m\libgcc.a(_arm_addsubsf3.o)
 .ARM.attributes
                0x00000000000004be       0x1d c:/programfiles/stm32cubeide_1.0.1/stm32cubeide/plugins/com.st.stm32cube.ide.mcu.externaltools.gnu-tools-for-stm32.7-2018-q2-update.win32_1.0.0.201904181610/tools/bin/../lib/gcc/arm-none-eabi/7.3.1/thumb/v7-m\libgcc.a(_arm_muldivsf3.o)
 .ARM.attributes
                0x00000000000004db       0x1d c:/programfiles/stm32cubeide_1.0.1/stm32cubeide/plugins/com.st.stm32cube.ide.mcu.externaltools.gnu-tools-for-stm32.7-2018-q2-update.win32_1.0.0.201904181610/tools/bin/../lib/gcc/arm-none-eabi/7.3.1/thumb/v7-m\libgcc.a(_arm_cmpsf2.o)
 .ARM.attributes
                0x00000000000004f8       0x1d c:/programfiles/stm32cubeide_1.0.1/stm32cubeide/plugins/com.st.stm32cube.ide.mcu.externaltools.gnu-tools-for-stm32.7-2018-q2-update.win32_1.0.0.201904181610/tools/bin/../lib/gcc/arm-none-eabi/7.3.1/thumb/v7-m\libgcc.a(_arm_fixunssfsi.o)
 .ARM.attributes
                0x0000000000000515       0x1d c:/programfiles/stm32cubeide_1.0.1/stm32cubeide/plugins/com.st.stm32cube.ide.mcu.externaltools.gnu-tools-for-stm32.7-2018-q2-update.win32_1.0.0.201904181610/tools/bin/../lib/gcc/arm-none-eabi/7.3.1/thumb/v7-m/crtn.o
OUTPUT(testencoder.elf elf32-littlearm)

.debug_info     0x0000000000000000    0x1349e
 .debug_info    0x0000000000000000      0xefa Drivers/STM32F1xx_HAL_Driver/Src/stm32f1xx_hal.o
 .debug_info    0x0000000000000efa     0x1348 Drivers/STM32F1xx_HAL_Driver/Src/stm32f1xx_hal_cortex.o
 .debug_info    0x0000000000002242      0xfb6 Drivers/STM32F1xx_HAL_Driver/Src/stm32f1xx_hal_dma.o
 .debug_info    0x00000000000031f8      0xead Drivers/STM32F1xx_HAL_Driver/Src/stm32f1xx_hal_gpio.o
 .debug_info    0x00000000000040a5     0x29bf Drivers/STM32F1xx_HAL_Driver/Src/stm32f1xx_hal_i2c.o
 .debug_info    0x0000000000006a64     0x1029 Drivers/STM32F1xx_HAL_Driver/Src/stm32f1xx_hal_rcc.o
 .debug_info    0x0000000000007a8d     0x2a15 Drivers/STM32F1xx_HAL_Driver/Src/stm32f1xx_hal_tim.o
 .debug_info    0x000000000000a4a2     0x17c5 Drivers/STM32F1xx_HAL_Driver/Src/stm32f1xx_hal_tim_ex.o
 .debug_info    0x000000000000bc67     0x19e0 Drivers/STM32F1xx_HAL_Driver/Src/stm32f1xx_hal_uart.o
 .debug_info    0x000000000000d647     0x2891 Src/main.o
 .debug_info    0x000000000000fed8     0x188f Src/stm32f1xx_hal_msp.o
 .debug_info    0x0000000000011767     0x10cc Src/stm32f1xx_it.o
 .debug_info    0x0000000000012833      0xc49 Src/system_stm32f1xx.o
 .debug_info    0x000000000001347c       0x22 Startup/startup_stm32f103c8tx.o

.debug_abbrev   0x0000000000000000     0x21e8
 .debug_abbrev  0x0000000000000000      0x2bd Drivers/STM32F1xx_HAL_Driver/Src/stm32f1xx_hal.o
 .debug_abbrev  0x00000000000002bd      0x36d Drivers/STM32F1xx_HAL_Driver/Src/stm32f1xx_hal_cortex.o
 .debug_abbrev  0x000000000000062a      0x26f Drivers/STM32F1xx_HAL_Driver/Src/stm32f1xx_hal_dma.o
 .debug_abbrev  0x0000000000000899      0x251 Drivers/STM32F1xx_HAL_Driver/Src/stm32f1xx_hal_gpio.o
 .debug_abbrev  0x0000000000000aea      0x2aa Drivers/STM32F1xx_HAL_Driver/Src/stm32f1xx_hal_i2c.o
 .debug_abbrev  0x0000000000000d94      0x2eb Drivers/STM32F1xx_HAL_Driver/Src/stm32f1xx_hal_rcc.o
 .debug_abbrev  0x000000000000107f      0x2b2 Drivers/STM32F1xx_HAL_Driver/Src/stm32f1xx_hal_tim.o
 .debug_abbrev  0x0000000000001331      0x28f Drivers/STM32F1xx_HAL_Driver/Src/stm32f1xx_hal_tim_ex.o
 .debug_abbrev  0x00000000000015c0      0x2b3 Drivers/STM32F1xx_HAL_Driver/Src/stm32f1xx_hal_uart.o
 .debug_abbrev  0x0000000000001873      0x368 Src/main.o
 .debug_abbrev  0x0000000000001bdb      0x240 Src/stm32f1xx_hal_msp.o
 .debug_abbrev  0x0000000000001e1b      0x1cb Src/stm32f1xx_it.o
 .debug_abbrev  0x0000000000001fe6      0x1f0 Src/system_stm32f1xx.o
 .debug_abbrev  0x00000000000021d6       0x12 Startup/startup_stm32f103c8tx.o

.debug_aranges  0x0000000000000000      0xe18
 .debug_aranges
                0x0000000000000000       0xd0 Drivers/STM32F1xx_HAL_Driver/Src/stm32f1xx_hal.o
 .debug_aranges
                0x00000000000000d0      0x100 Drivers/STM32F1xx_HAL_Driver/Src/stm32f1xx_hal_cortex.o
 .debug_aranges
                0x00000000000001d0       0x80 Drivers/STM32F1xx_HAL_Driver/Src/stm32f1xx_hal_dma.o
 .debug_aranges
                0x0000000000000250       0x58 Drivers/STM32F1xx_HAL_Driver/Src/stm32f1xx_hal_gpio.o
 .debug_aranges
                0x00000000000002a8      0x268 Drivers/STM32F1xx_HAL_Driver/Src/stm32f1xx_hal_i2c.o
 .debug_aranges
                0x0000000000000510       0x90 Drivers/STM32F1xx_HAL_Driver/Src/stm32f1xx_hal_rcc.o
 .debug_aranges
                0x00000000000005a0      0x368 Drivers/STM32F1xx_HAL_Driver/Src/stm32f1xx_hal_tim.o
 .debug_aranges
                0x0000000000000908      0x138 Drivers/STM32F1xx_HAL_Driver/Src/stm32f1xx_hal_tim_ex.o
 .debug_aranges
                0x0000000000000a40      0x1d0 Drivers/STM32F1xx_HAL_Driver/Src/stm32f1xx_hal_uart.o
 .debug_aranges
                0x0000000000000c10       0xe0 Src/main.o
 .debug_aranges
                0x0000000000000cf0       0x68 Src/stm32f1xx_hal_msp.o
 .debug_aranges
                0x0000000000000d58       0x70 Src/stm32f1xx_it.o
 .debug_aranges
                0x0000000000000dc8       0x28 Src/system_stm32f1xx.o
 .debug_aranges
                0x0000000000000df0       0x28 Startup/startup_stm32f103c8tx.o

.debug_ranges   0x0000000000000000      0xd40
 .debug_ranges  0x0000000000000000       0xc0 Drivers/STM32F1xx_HAL_Driver/Src/stm32f1xx_hal.o
 .debug_ranges  0x00000000000000c0       0xf0 Drivers/STM32F1xx_HAL_Driver/Src/stm32f1xx_hal_cortex.o
 .debug_ranges  0x00000000000001b0       0x70 Drivers/STM32F1xx_HAL_Driver/Src/stm32f1xx_hal_dma.o
 .debug_ranges  0x0000000000000220       0x48 Drivers/STM32F1xx_HAL_Driver/Src/stm32f1xx_hal_gpio.o
 .debug_ranges  0x0000000000000268      0x258 Drivers/STM32F1xx_HAL_Driver/Src/stm32f1xx_hal_i2c.o
 .debug_ranges  0x00000000000004c0       0x80 Drivers/STM32F1xx_HAL_Driver/Src/stm32f1xx_hal_rcc.o
 .debug_ranges  0x0000000000000540      0x358 Drivers/STM32F1xx_HAL_Driver/Src/stm32f1xx_hal_tim.o
 .debug_ranges  0x0000000000000898      0x128 Drivers/STM32F1xx_HAL_Driver/Src/stm32f1xx_hal_tim_ex.o
 .debug_ranges  0x00000000000009c0      0x1c0 Drivers/STM32F1xx_HAL_Driver/Src/stm32f1xx_hal_uart.o
 .debug_ranges  0x0000000000000b80       0xd0 Src/main.o
 .debug_ranges  0x0000000000000c50       0x58 Src/stm32f1xx_hal_msp.o
 .debug_ranges  0x0000000000000ca8       0x60 Src/stm32f1xx_it.o
 .debug_ranges  0x0000000000000d08       0x18 Src/system_stm32f1xx.o
 .debug_ranges  0x0000000000000d20       0x20 Startup/startup_stm32f103c8tx.o

.debug_macro    0x0000000000000000    0x15dc7
 .debug_macro   0x0000000000000000      0x312 Drivers/STM32F1xx_HAL_Driver/Src/stm32f1xx_hal.o
 .debug_macro   0x0000000000000312      0xa5a Drivers/STM32F1xx_HAL_Driver/Src/stm32f1xx_hal.o
 .debug_macro   0x0000000000000d6c      0x175 Drivers/STM32F1xx_HAL_Driver/Src/stm32f1xx_hal.o
 .debug_macro   0x0000000000000ee1       0x2e Drivers/STM32F1xx_HAL_Driver/Src/stm32f1xx_hal.o
 .debug_macro   0x0000000000000f0f       0x22 Drivers/STM32F1xx_HAL_Driver/Src/stm32f1xx_hal.o
 .debug_macro   0x0000000000000f31       0x22 Drivers/STM32F1xx_HAL_Driver/Src/stm32f1xx_hal.o
 .debug_macro   0x0000000000000f53       0x8e Drivers/STM32F1xx_HAL_Driver/Src/stm32f1xx_hal.o
 .debug_macro   0x0000000000000fe1       0x51 Drivers/STM32F1xx_HAL_Driver/Src/stm32f1xx_hal.o
 .debug_macro   0x0000000000001032       0xef Drivers/STM32F1xx_HAL_Driver/Src/stm32f1xx_hal.o
 .debug_macro   0x0000000000001121       0x6a Drivers/STM32F1xx_HAL_Driver/Src/stm32f1xx_hal.o
 .debug_macro   0x000000000000118b      0x1df Drivers/STM32F1xx_HAL_Driver/Src/stm32f1xx_hal.o
 .debug_macro   0x000000000000136a       0x34 Drivers/STM32F1xx_HAL_Driver/Src/stm32f1xx_hal.o
 .debug_macro   0x000000000000139e       0x34 Drivers/STM32F1xx_HAL_Driver/Src/stm32f1xx_hal.o
 .debug_macro   0x00000000000013d2      0xb8e Drivers/STM32F1xx_HAL_Driver/Src/stm32f1xx_hal.o
 .debug_macro   0x0000000000001f60     0xe911 Drivers/STM32F1xx_HAL_Driver/Src/stm32f1xx_hal.o
 .debug_macro   0x0000000000010871       0x43 Drivers/STM32F1xx_HAL_Driver/Src/stm32f1xx_hal.o
 .debug_macro   0x00000000000108b4       0x46 Drivers/STM32F1xx_HAL_Driver/Src/stm32f1xx_hal.o
 .debug_macro   0x00000000000108fa       0x18 Drivers/STM32F1xx_HAL_Driver/Src/stm32f1xx_hal.o
 .debug_macro   0x0000000000010912       0x3c Drivers/STM32F1xx_HAL_Driver/Src/stm32f1xx_hal.o
 .debug_macro   0x000000000001094e       0x34 Drivers/STM32F1xx_HAL_Driver/Src/stm32f1xx_hal.o
 .debug_macro   0x0000000000010982       0x16 Drivers/STM32F1xx_HAL_Driver/Src/stm32f1xx_hal.o
 .debug_macro   0x0000000000010998       0x97 Drivers/STM32F1xx_HAL_Driver/Src/stm32f1xx_hal.o
 .debug_macro   0x0000000000010a2f      0x330 Drivers/STM32F1xx_HAL_Driver/Src/stm32f1xx_hal.o
 .debug_macro   0x0000000000010d5f       0xfd Drivers/STM32F1xx_HAL_Driver/Src/stm32f1xx_hal.o
 .debug_macro   0x0000000000010e5c       0x10 Drivers/STM32F1xx_HAL_Driver/Src/stm32f1xx_hal.o
 .debug_macro   0x0000000000010e6c       0x52 Drivers/STM32F1xx_HAL_Driver/Src/stm32f1xx_hal.o
 .debug_macro   0x0000000000010ebe       0x1f Drivers/STM32F1xx_HAL_Driver/Src/stm32f1xx_hal.o
 .debug_macro   0x0000000000010edd       0x43 Drivers/STM32F1xx_HAL_Driver/Src/stm32f1xx_hal.o
 .debug_macro   0x0000000000010f20       0x20 Drivers/STM32F1xx_HAL_Driver/Src/stm32f1xx_hal.o
 .debug_macro   0x0000000000010f40      0x1a3 Drivers/STM32F1xx_HAL_Driver/Src/stm32f1xx_hal.o
 .debug_macro   0x00000000000110e3       0x10 Drivers/STM32F1xx_HAL_Driver/Src/stm32f1xx_hal.o
 .debug_macro   0x00000000000110f3       0x1c Drivers/STM32F1xx_HAL_Driver/Src/stm32f1xx_hal.o
 .debug_macro   0x000000000001110f       0x52 Drivers/STM32F1xx_HAL_Driver/Src/stm32f1xx_hal.o
 .debug_macro   0x0000000000011161       0x40 Drivers/STM32F1xx_HAL_Driver/Src/stm32f1xx_hal.o
 .debug_macro   0x00000000000111a1       0x10 Drivers/STM32F1xx_HAL_Driver/Src/stm32f1xx_hal.o
 .debug_macro   0x00000000000111b1       0x40 Drivers/STM32F1xx_HAL_Driver/Src/stm32f1xx_hal.o
 .debug_macro   0x00000000000111f1       0xd7 Drivers/STM32F1xx_HAL_Driver/Src/stm32f1xx_hal.o
 .debug_macro   0x00000000000112c8       0x1c Drivers/STM32F1xx_HAL_Driver/Src/stm32f1xx_hal.o
 .debug_macro   0x00000000000112e4       0x3d Drivers/STM32F1xx_HAL_Driver/Src/stm32f1xx_hal.o
 .debug_macro   0x0000000000011321       0x16 Drivers/STM32F1xx_HAL_Driver/Src/stm32f1xx_hal.o
 .debug_macro   0x0000000000011337      0x145 Drivers/STM32F1xx_HAL_Driver/Src/stm32f1xx_hal.o
 .debug_macro   0x000000000001147c       0x57 Drivers/STM32F1xx_HAL_Driver/Src/stm32f1xx_hal.o
 .debug_macro   0x00000000000114d3      0x5c2 Drivers/STM32F1xx_HAL_Driver/Src/stm32f1xx_hal.o
 .debug_macro   0x0000000000011a95      0x28a Drivers/STM32F1xx_HAL_Driver/Src/stm32f1xx_hal.o
 .debug_macro   0x0000000000011d1f      0x1cb Drivers/STM32F1xx_HAL_Driver/Src/stm32f1xx_hal.o
 .debug_macro   0x0000000000011eea      0x11e Drivers/STM32F1xx_HAL_Driver/Src/stm32f1xx_hal.o
 .debug_macro   0x0000000000012008      0x1b3 Drivers/STM32F1xx_HAL_Driver/Src/stm32f1xx_hal.o
 .debug_macro   0x00000000000121bb       0x27 Drivers/STM32F1xx_HAL_Driver/Src/stm32f1xx_hal.o
 .debug_macro   0x00000000000121e2      0x1bc Drivers/STM32F1xx_HAL_Driver/Src/stm32f1xx_hal.o
 .debug_macro   0x000000000001239e       0x34 Drivers/STM32F1xx_HAL_Driver/Src/stm32f1xx_hal.o
 .debug_macro   0x00000000000123d2       0x3c Drivers/STM32F1xx_HAL_Driver/Src/stm32f1xx_hal.o
 .debug_macro   0x000000000001240e       0x57 Drivers/STM32F1xx_HAL_Driver/Src/stm32f1xx_hal.o
 .debug_macro   0x0000000000012465       0x8c Drivers/STM32F1xx_HAL_Driver/Src/stm32f1xx_hal.o
 .debug_macro   0x00000000000124f1      0x242 Drivers/STM32F1xx_HAL_Driver/Src/stm32f1xx_hal.o
 .debug_macro   0x0000000000012733      0x264 Drivers/STM32F1xx_HAL_Driver/Src/stm32f1xx_hal.o
 .debug_macro   0x0000000000012997      0x143 Drivers/STM32F1xx_HAL_Driver/Src/stm32f1xx_hal.o
 .debug_macro   0x0000000000012ada      0x853 Drivers/STM32F1xx_HAL_Driver/Src/stm32f1xx_hal.o
 .debug_macro   0x000000000001332d       0x1f Drivers/STM32F1xx_HAL_Driver/Src/stm32f1xx_hal.o
 .debug_macro   0x000000000001334c      0x26b Drivers/STM32F1xx_HAL_Driver/Src/stm32f1xx_hal.o
 .debug_macro   0x00000000000135b7       0x83 Drivers/STM32F1xx_HAL_Driver/Src/stm32f1xx_hal.o
 .debug_macro   0x000000000001363a      0x2ee Drivers/STM32F1xx_HAL_Driver/Src/stm32f1xx_hal_cortex.o
 .debug_macro   0x0000000000013928      0x2ee Drivers/STM32F1xx_HAL_Driver/Src/stm32f1xx_hal_dma.o
 .debug_macro   0x0000000000013c16      0x35e Drivers/STM32F1xx_HAL_Driver/Src/stm32f1xx_hal_gpio.o
 .debug_macro   0x0000000000013f74      0x32e Drivers/STM32F1xx_HAL_Driver/Src/stm32f1xx_hal_i2c.o
 .debug_macro   0x00000000000142a2      0x300 Drivers/STM32F1xx_HAL_Driver/Src/stm32f1xx_hal_rcc.o
 .debug_macro   0x00000000000145a2      0x2ee Drivers/STM32F1xx_HAL_Driver/Src/stm32f1xx_hal_tim.o
 .debug_macro   0x0000000000014890      0x2ee Drivers/STM32F1xx_HAL_Driver/Src/stm32f1xx_hal_tim_ex.o
 .debug_macro   0x0000000000014b7e      0x2ef Drivers/STM32F1xx_HAL_Driver/Src/stm32f1xx_hal_uart.o
 .debug_macro   0x0000000000014e6d      0x345 Src/main.o
 .debug_macro   0x00000000000151b2       0x40 Src/main.o
 .debug_macro   0x00000000000151f2      0x1e1 Src/main.o
 .debug_macro   0x00000000000153d3      0x106 Src/main.o
 .debug_macro   0x00000000000154d9      0x2f8 Src/stm32f1xx_hal_msp.o
 .debug_macro   0x00000000000157d1      0x302 Src/stm32f1xx_it.o
 .debug_macro   0x0000000000015ad3      0x2f4 Src/system_stm32f1xx.o

.debug_line     0x0000000000000000     0xaf27
 .debug_line    0x0000000000000000      0x9e9 Drivers/STM32F1xx_HAL_Driver/Src/stm32f1xx_hal.o
 .debug_line    0x00000000000009e9      0xad7 Drivers/STM32F1xx_HAL_Driver/Src/stm32f1xx_hal_cortex.o
 .debug_line    0x00000000000014c0      0xc6f Drivers/STM32F1xx_HAL_Driver/Src/stm32f1xx_hal_dma.o
 .debug_line    0x000000000000212f      0xa21 Drivers/STM32F1xx_HAL_Driver/Src/stm32f1xx_hal_gpio.o
 .debug_line    0x0000000000002b50     0x18e3 Drivers/STM32F1xx_HAL_Driver/Src/stm32f1xx_hal_i2c.o
 .debug_line    0x0000000000004433      0xad3 Drivers/STM32F1xx_HAL_Driver/Src/stm32f1xx_hal_rcc.o
 .debug_line    0x0000000000004f06     0x17b3 Drivers/STM32F1xx_HAL_Driver/Src/stm32f1xx_hal_tim.o
 .debug_line    0x00000000000066b9      0xda6 Drivers/STM32F1xx_HAL_Driver/Src/stm32f1xx_hal_tim_ex.o
 .debug_line    0x000000000000745f     0x10fa Drivers/STM32F1xx_HAL_Driver/Src/stm32f1xx_hal_uart.o
 .debug_line    0x0000000000008559      0xed2 Src/main.o
 .debug_line    0x000000000000942b      0x928 Src/stm32f1xx_hal_msp.o
 .debug_line    0x0000000000009d53      0x8f6 Src/stm32f1xx_it.o
 .debug_line    0x000000000000a649      0x85f Src/system_stm32f1xx.o
 .debug_line    0x000000000000aea8       0x7f Startup/startup_stm32f103c8tx.o

.debug_str      0x0000000000000000    0x75402
 .debug_str     0x0000000000000000    0x70821 Drivers/STM32F1xx_HAL_Driver/Src/stm32f1xx_hal.o
                                      0x70bc2 (size before relaxing)
 .debug_str     0x0000000000070821      0x326 Drivers/STM32F1xx_HAL_Driver/Src/stm32f1xx_hal_cortex.o
                                      0x70bd6 (size before relaxing)
 .debug_str     0x0000000000070b47      0x3e6 Drivers/STM32F1xx_HAL_Driver/Src/stm32f1xx_hal_dma.o
                                      0x7092e (size before relaxing)
 .debug_str     0x0000000000070f2d      0x3a5 Drivers/STM32F1xx_HAL_Driver/Src/stm32f1xx_hal_gpio.o
                                      0x7091d (size before relaxing)
 .debug_str     0x00000000000712d2      0xcd8 Drivers/STM32F1xx_HAL_Driver/Src/stm32f1xx_hal_i2c.o
                                      0x71413 (size before relaxing)
 .debug_str     0x0000000000071faa      0x35d Drivers/STM32F1xx_HAL_Driver/Src/stm32f1xx_hal_rcc.o
                                      0x7094b (size before relaxing)
 .debug_str     0x0000000000072307      0xed7 Drivers/STM32F1xx_HAL_Driver/Src/stm32f1xx_hal_tim.o
                                      0x7161d (size before relaxing)
 .debug_str     0x00000000000731de      0x527 Drivers/STM32F1xx_HAL_Driver/Src/stm32f1xx_hal_tim_ex.o
                                      0x70eba (size before relaxing)
 .debug_str     0x0000000000073705      0x6b9 Drivers/STM32F1xx_HAL_Driver/Src/stm32f1xx_hal_uart.o
                                      0x70e25 (size before relaxing)
 .debug_str     0x0000000000073dbe     0x148a Src/main.o
                                      0x72627 (size before relaxing)
 .debug_str     0x0000000000075248       0x46 Src/stm32f1xx_hal_msp.o
                                      0x7112a (size before relaxing)
 .debug_str     0x000000000007528e       0xda Src/stm32f1xx_it.o
                                      0x70b0e (size before relaxing)
 .debug_str     0x0000000000075368       0x69 Src/system_stm32f1xx.o
                                      0x705c8 (size before relaxing)
 .debug_str     0x00000000000753d1       0x31 Startup/startup_stm32f103c8tx.o
                                         0x5e (size before relaxing)

.comment        0x0000000000000000       0x7b
 .comment       0x0000000000000000       0x7b Drivers/STM32F1xx_HAL_Driver/Src/stm32f1xx_hal.o
                                         0x7c (size before relaxing)
 .comment       0x000000000000007b       0x7c Drivers/STM32F1xx_HAL_Driver/Src/stm32f1xx_hal_cortex.o
 .comment       0x000000000000007b       0x7c Drivers/STM32F1xx_HAL_Driver/Src/stm32f1xx_hal_dma.o
 .comment       0x000000000000007b       0x7c Drivers/STM32F1xx_HAL_Driver/Src/stm32f1xx_hal_gpio.o
 .comment       0x000000000000007b       0x7c Drivers/STM32F1xx_HAL_Driver/Src/stm32f1xx_hal_i2c.o
 .comment       0x000000000000007b       0x7c Drivers/STM32F1xx_HAL_Driver/Src/stm32f1xx_hal_rcc.o
 .comment       0x000000000000007b       0x7c Drivers/STM32F1xx_HAL_Driver/Src/stm32f1xx_hal_tim.o
 .comment       0x000000000000007b       0x7c Drivers/STM32F1xx_HAL_Driver/Src/stm32f1xx_hal_tim_ex.o
 .comment       0x000000000000007b       0x7c Drivers/STM32F1xx_HAL_Driver/Src/stm32f1xx_hal_uart.o
 .comment       0x000000000000007b       0x7c Src/main.o
 .comment       0x000000000000007b       0x7c Src/stm32f1xx_hal_msp.o
 .comment       0x000000000000007b       0x7c Src/stm32f1xx_it.o
 .comment       0x000000000000007b       0x7c Src/system_stm32f1xx.o

.debug_frame    0x0000000000000000     0x4050
 .debug_frame   0x0000000000000000      0x2fc Drivers/STM32F1xx_HAL_Driver/Src/stm32f1xx_hal.o
 .debug_frame   0x00000000000002fc      0x428 Drivers/STM32F1xx_HAL_Driver/Src/stm32f1xx_hal_cortex.o
 .debug_frame   0x0000000000000724      0x208 Drivers/STM32F1xx_HAL_Driver/Src/stm32f1xx_hal_dma.o
 .debug_frame   0x000000000000092c      0x14c Drivers/STM32F1xx_HAL_Driver/Src/stm32f1xx_hal_gpio.o
 .debug_frame   0x0000000000000a78      0xb30 Drivers/STM32F1xx_HAL_Driver/Src/stm32f1xx_hal_i2c.o
 .debug_frame   0x00000000000015a8      0x21c Drivers/STM32F1xx_HAL_Driver/Src/stm32f1xx_hal_rcc.o
 .debug_frame   0x00000000000017c4      0xfb4 Drivers/STM32F1xx_HAL_Driver/Src/stm32f1xx_hal_tim.o
 .debug_frame   0x0000000000002778      0x54c Drivers/STM32F1xx_HAL_Driver/Src/stm32f1xx_hal_tim_ex.o
 .debug_frame   0x0000000000002cc4      0x83c Drivers/STM32F1xx_HAL_Driver/Src/stm32f1xx_hal_uart.o
 .debug_frame   0x0000000000003500      0x3b4 Src/main.o
 .debug_frame   0x00000000000038b4      0x17c Src/stm32f1xx_hal_msp.o
 .debug_frame   0x0000000000003a30      0x144 Src/stm32f1xx_it.o
 .debug_frame   0x0000000000003b74       0x58 Src/system_stm32f1xx.o
 .debug_frame   0x0000000000003bcc       0x2c c:/programfiles/stm32cubeide_1.0.1/stm32cubeide/plugins/com.st.stm32cube.ide.mcu.externaltools.gnu-tools-for-stm32.7-2018-q2-update.win32_1.0.0.201904181610/tools/bin/../lib/gcc/arm-none-eabi/7.3.1/../../../../arm-none-eabi/lib/thumb/v7-m\libc_nano.a(lib_a-init.o)
 .debug_frame   0x0000000000003bf8       0x20 c:/programfiles/stm32cubeide_1.0.1/stm32cubeide/plugins/com.st.stm32cube.ide.mcu.externaltools.gnu-tools-for-stm32.7-2018-q2-update.win32_1.0.0.201904181610/tools/bin/../lib/gcc/arm-none-eabi/7.3.1/../../../../arm-none-eabi/lib/thumb/v7-m\libc_nano.a(lib_a-memset.o)
 .debug_frame   0x0000000000003c18       0x20 c:/programfiles/stm32cubeide_1.0.1/stm32cubeide/plugins/com.st.stm32cube.ide.mcu.externaltools.gnu-tools-for-stm32.7-2018-q2-update.win32_1.0.0.201904181610/tools/bin/../lib/gcc/arm-none-eabi/7.3.1/../../../../arm-none-eabi/lib/thumb/v7-m\libm.a(lib_a-w_atan2.o)
 .debug_frame   0x0000000000003c38       0x48 c:/programfiles/stm32cubeide_1.0.1/stm32cubeide/plugins/com.st.stm32cube.ide.mcu.externaltools.gnu-tools-for-stm32.7-2018-q2-update.win32_1.0.0.201904181610/tools/bin/../lib/gcc/arm-none-eabi/7.3.1/../../../../arm-none-eabi/lib/thumb/v7-m\libm.a(lib_a-e_atan2.o)
 .debug_frame   0x0000000000003c80       0x38 c:/programfiles/stm32cubeide_1.0.1/stm32cubeide/plugins/com.st.stm32cube.ide.mcu.externaltools.gnu-tools-for-stm32.7-2018-q2-update.win32_1.0.0.201904181610/tools/bin/../lib/gcc/arm-none-eabi/7.3.1/../../../../arm-none-eabi/lib/thumb/v7-m\libm.a(lib_a-s_atan.o)
 .debug_frame   0x0000000000003cb8       0x20 c:/programfiles/stm32cubeide_1.0.1/stm32cubeide/plugins/com.st.stm32cube.ide.mcu.externaltools.gnu-tools-for-stm32.7-2018-q2-update.win32_1.0.0.201904181610/tools/bin/../lib/gcc/arm-none-eabi/7.3.1/../../../../arm-none-eabi/lib/thumb/v7-m\libm.a(lib_a-s_fabs.o)
 .debug_frame   0x0000000000003cd8       0xac c:/programfiles/stm32cubeide_1.0.1/stm32cubeide/plugins/com.st.stm32cube.ide.mcu.externaltools.gnu-tools-for-stm32.7-2018-q2-update.win32_1.0.0.201904181610/tools/bin/../lib/gcc/arm-none-eabi/7.3.1/thumb/v7-m\libgcc.a(_arm_addsubdf3.o)
 .debug_frame   0x0000000000003d84       0x50 c:/programfiles/stm32cubeide_1.0.1/stm32cubeide/plugins/com.st.stm32cube.ide.mcu.externaltools.gnu-tools-for-stm32.7-2018-q2-update.win32_1.0.0.201904181610/tools/bin/../lib/gcc/arm-none-eabi/7.3.1/thumb/v7-m\libgcc.a(_arm_muldivdf3.o)
 .debug_frame   0x0000000000003dd4       0xc4 c:/programfiles/stm32cubeide_1.0.1/stm32cubeide/plugins/com.st.stm32cube.ide.mcu.externaltools.gnu-tools-for-stm32.7-2018-q2-update.win32_1.0.0.201904181610/tools/bin/../lib/gcc/arm-none-eabi/7.3.1/thumb/v7-m\libgcc.a(_arm_cmpdf2.o)
 .debug_frame   0x0000000000003e98       0x24 c:/programfiles/stm32cubeide_1.0.1/stm32cubeide/plugins/com.st.stm32cube.ide.mcu.externaltools.gnu-tools-for-stm32.7-2018-q2-update.win32_1.0.0.201904181610/tools/bin/../lib/gcc/arm-none-eabi/7.3.1/thumb/v7-m\libgcc.a(_arm_fixdfsi.o)
 .debug_frame   0x0000000000003ebc       0x24 c:/programfiles/stm32cubeide_1.0.1/stm32cubeide/plugins/com.st.stm32cube.ide.mcu.externaltools.gnu-tools-for-stm32.7-2018-q2-update.win32_1.0.0.201904181610/tools/bin/../lib/gcc/arm-none-eabi/7.3.1/thumb/v7-m\libgcc.a(_arm_truncdfsf2.o)
 .debug_frame   0x0000000000003ee0       0x4c c:/programfiles/stm32cubeide_1.0.1/stm32cubeide/plugins/com.st.stm32cube.ide.mcu.externaltools.gnu-tools-for-stm32.7-2018-q2-update.win32_1.0.0.201904181610/tools/bin/../lib/gcc/arm-none-eabi/7.3.1/thumb/v7-m\libgcc.a(_arm_addsubsf3.o)
 .debug_frame   0x0000000000003f2c       0x38 c:/programfiles/stm32cubeide_1.0.1/stm32cubeide/plugins/com.st.stm32cube.ide.mcu.externaltools.gnu-tools-for-stm32.7-2018-q2-update.win32_1.0.0.201904181610/tools/bin/../lib/gcc/arm-none-eabi/7.3.1/thumb/v7-m\libgcc.a(_arm_muldivsf3.o)
 .debug_frame   0x0000000000003f64       0xc8 c:/programfiles/stm32cubeide_1.0.1/stm32cubeide/plugins/com.st.stm32cube.ide.mcu.externaltools.gnu-tools-for-stm32.7-2018-q2-update.win32_1.0.0.201904181610/tools/bin/../lib/gcc/arm-none-eabi/7.3.1/thumb/v7-m\libgcc.a(_arm_cmpsf2.o)
 .debug_frame   0x000000000000402c       0x24 c:/programfiles/stm32cubeide_1.0.1/stm32cubeide/plugins/com.st.stm32cube.ide.mcu.externaltools.gnu-tools-for-stm32.7-2018-q2-update.win32_1.0.0.201904181610/tools/bin/../lib/gcc/arm-none-eabi/7.3.1/thumb/v7-m\libgcc.a(_arm_fixunssfsi.o)
