ReadEncoder.c:64:6:HAL_TIM_PeriodElapsedCallback	48	static
ReadEncoder.c:191:7:PID	40	static
PWM.c:6:6:OutputPWM	24	static
uart.c:31:6:HAL_UART_RxCpltCallback	48	static
sd_hal_mpu6050.c:82:19:SD_MPU6050_Init	48	static
sd_hal_mpu6050.c:147:19:SD_MPU6050_SetDataRate	40	static
sd_hal_mpu6050.c:166:19:SD_MPU6050_SetAccelerometer	40	static
sd_hal_mpu6050.c:210:19:SD_MPU6050_SetGyroscope	40	static
sd_hal_mpu6050.c:253:19:SD_MPU6050_ReadAccelerometer	40	static
sd_hal_mpu6050.c:273:19:SD_MPU6050_ReadGyroscope	40	static
sd_hal_mpu6050.c:293:19:SD_MPU6050_ReadTemperature	40	static
sd_hal_mpu6050.c:314:19:SD_MPU6050_ReadAll	56	static
sd_hal_mpu6050.c:344:19:SD_MPU6050_EnableInterrupts	40	static
sd_hal_mpu6050.c:367:19:SD_MPU6050_DisableInterrupts	32	static
sd_hal_mpu6050.c:378:19:SD_MPU6050_ReadInterrupts	40	static
main.c:119:5:main	48	static
main.c:219:6:SystemClock_Config	72	static
main.c:256:13:MX_I2C2_Init	8	static
main.c:290:13:MX_TIM1_Init	88	static
main.c:369:13:MX_TIM2_Init	56	static
main.c:418:13:MX_TIM3_Init	56	static
main.c:467:13:MX_TIM4_Init	32	static
main.c:512:13:MX_USART2_UART_Init	8	static
main.c:545:13:MX_GPIO_Init	40	static
main.c:594:6:Error_Handler	4	static
